Component: ARM Compiler 5.06 update 4 (build 422) Tool: armlink [4d35d2]

==============================================================================

Section Cross References

    startup_n32g430.o(STACK) refers (Special) to heapauxi.o(.text) for __use_two_region_memory
    startup_n32g430.o(HEAP) refers (Special) to heapauxi.o(.text) for __use_two_region_memory
    startup_n32g430.o(RESET) refers (Special) to heapauxi.o(.text) for __use_two_region_memory
    startup_n32g430.o(RESET) refers to startup_n32g430.o(STACK) for __initial_sp
    startup_n32g430.o(RESET) refers to startup_n32g430.o(.text) for Reset_Handler
    startup_n32g430.o(RESET) refers to n32g430_it.o(i.NMI_Handler) for NMI_Handler
    startup_n32g430.o(RESET) refers to n32g430_it.o(i.HardFault_Handler) for HardFault_Handler
    startup_n32g430.o(RESET) refers to n32g430_it.o(i.MemManage_Handler) for MemManage_Handler
    startup_n32g430.o(RESET) refers to n32g430_it.o(i.BusFault_Handler) for BusFault_Handler
    startup_n32g430.o(RESET) refers to n32g430_it.o(i.UsageFault_Handler) for UsageFault_Handler
    startup_n32g430.o(RESET) refers to n32g430_it.o(i.SVC_Handler) for SVC_Handler
    startup_n32g430.o(RESET) refers to n32g430_it.o(i.DebugMon_Handler) for DebugMon_Handler
    startup_n32g430.o(RESET) refers to n32g430_it.o(i.SysTick_Handler) for SysTick_Handler
    startup_n32g430.o(RESET) refers to main.o(i.TIM6_IRQHandler) for TIM6_IRQHandler
    startup_n32g430.o(.text) refers (Special) to heapauxi.o(.text) for __use_two_region_memory
    startup_n32g430.o(.text) refers to system_n32g430.o(i.System_Initializes) for System_Initializes
    startup_n32g430.o(.text) refers to __main.o(!!!main) for __main
    startup_n32g430.o(.text) refers to startup_n32g430.o(HEAP) for Heap_Mem
    startup_n32g430.o(.text) refers to startup_n32g430.o(STACK) for Stack_Mem
    bsp_delay.o(i.SysTick_Delay_Ms) refers to n32g430_rcc.o(i.RCC_Clocks_Frequencies_Value_Get) for RCC_Clocks_Frequencies_Value_Get
    bsp_delay.o(i.SysTick_Delay_Ms) refers to bsp_delay.o(i.DBG_SysTick_Config) for DBG_SysTick_Config
    bsp_delay.o(i.SysTick_Delay_Us) refers to n32g430_rcc.o(i.RCC_Clocks_Frequencies_Value_Get) for RCC_Clocks_Frequencies_Value_Get
    bsp_delay.o(i.SysTick_Delay_Us) refers to bsp_delay.o(i.DBG_SysTick_Config) for DBG_SysTick_Config
    n32g430_adc.o(i.ADC_Clock_Mode_Config) refers to n32g430_rcc.o(i.RCC_ADC_Hclk_Enable) for RCC_ADC_Hclk_Enable
    n32g430_adc.o(i.ADC_Clock_Mode_Config) refers to n32g430_rcc.o(i.RCC_ADC_PLL_Clock_Disable) for RCC_ADC_PLL_Clock_Disable
    n32g430_adc.o(i.ADC_Clock_Mode_Config) refers to n32g430_rcc.o(i.RCC_ADC_Hclk_Config) for RCC_ADC_Hclk_Config
    n32g430_adc.o(i.ADC_Clock_Mode_Config) refers to n32g430_adc.o(i.ADC_AHB_Clock_Mode_Config) for ADC_AHB_Clock_Mode_Config
    n32g430_adc.o(i.ADC_Clock_Mode_Config) refers to n32g430_rcc.o(i.RCC_ADC_PLL_Clock_Prescaler_Enable) for RCC_ADC_PLL_Clock_Prescaler_Enable
    n32g430_adc.o(i.ADC_Clock_Mode_Config) refers to n32g430_adc.o(i.ADC_PLL_Clock_Mode_Config) for ADC_PLL_Clock_Mode_Config
    n32g430_adc.o(i.ADC_Initializes) refers to n32g430_adc.o(i.ADC_Multichannels_Enable) for ADC_Multichannels_Enable
    n32g430_adc.o(i.ADC_Initializes) refers to n32g430_adc.o(i.ADC_Multichannels_Disable) for ADC_Multichannels_Disable
    n32g430_adc.o(i.ADC_Initializes) refers to n32g430_adc.o(i.ADC_Continue_Conversion_Enable) for ADC_Continue_Conversion_Enable
    n32g430_adc.o(i.ADC_Initializes) refers to n32g430_adc.o(i.ADC_Continue_Conversion_Disable) for ADC_Continue_Conversion_Disable
    n32g430_adc.o(i.ADC_Initializes) refers to n32g430_adc.o(i.ADC_Regular_Group_External_Trigger_Source_Config) for ADC_Regular_Group_External_Trigger_Source_Config
    n32g430_adc.o(i.ADC_Initializes) refers to n32g430_adc.o(i.ADC_Data_Alignment_Config) for ADC_Data_Alignment_Config
    n32g430_adc.o(i.ADC_Initializes) refers to n32g430_adc.o(i.ADC_Regular_Channels_Number_Config) for ADC_Regular_Channels_Number_Config
    n32g430_adc.o(i.ADC_Initializes_Ex) refers to n32g430_adc.o(i.ADC_Vbat_Monitor_Enable) for ADC_Vbat_Monitor_Enable
    n32g430_adc.o(i.ADC_Initializes_Ex) refers to n32g430_adc.o(i.ADC_Vbat_Monitor_Disable) for ADC_Vbat_Monitor_Disable
    n32g430_adc.o(i.ADC_Initializes_Ex) refers to n32g430_adc.o(i.ADC_Deep_Power_Mode_Enable) for ADC_Deep_Power_Mode_Enable
    n32g430_adc.o(i.ADC_Initializes_Ex) refers to n32g430_adc.o(i.ADC_Deep_Power_Mode_Disable) for ADC_Deep_Power_Mode_Disable
    n32g430_adc.o(i.ADC_Initializes_Ex) refers to n32g430_adc.o(i.ADC_Interrupts_Enable) for ADC_Interrupts_Enable
    n32g430_adc.o(i.ADC_Initializes_Ex) refers to n32g430_adc.o(i.ADC_Interrupts_Disable) for ADC_Interrupts_Disable
    n32g430_adc.o(i.ADC_Initializes_Ex) refers to n32g430_adc.o(i.ADC_PLL_Clock_Mode_Config) for ADC_PLL_Clock_Mode_Config
    n32g430_adc.o(i.ADC_Initializes_Ex) refers to n32g430_adc.o(i.ADC_AHB_Clock_Mode_Config) for ADC_AHB_Clock_Mode_Config
[...]
    .data                                    0x20000004   Section        5  main.o(.data)
    cnt                                      0x20000004   Data           4  main.o(.data)
    .data                                    0x20000009   Section        3  keyio.o(.data)
    sg_arrKeyState                           0x20000009   Data           3  keyio.o(.data)
    .data                                    0x2000000c   Section       16  menu.o(.data)
    sg_tMenuManage                           0x2000000c   Data           8  menu.o(.data)
    sg_currMenuDepth                         0x20000014   Data           1  menu.o(.data)
    Location                                 0x20000018   Data           4  menu.o(.data)
    .data                                    0x2000001c   Section       53  ui.o(.data)
    cnt                                      0x20000050   Data           1  ui.o(.data)
    .data                                    0x20000051   Section        2  ui_measure.o(.data)
    .data                                    0x20000054   Section      414  ui_adjust.o(.data)
    cnt                                      0x200001f0   Data           1  ui_adjust.o(.data)
    cnt                                      0x200001f1   Data           1  ui_adjust.o(.data)
    .bss                                     0x200001f4   Section       32  adc.o(.bss)
    .bss                                     0x20000214   Section       18  spi.o(.bss)
    .bss                                     0x20000228   Section       96  fs2711.o(.bss)
    .bss                                     0x20000288   Section       14  flash.o(.bss)
    .bss                                     0x20000298   Section       48  key.o(.bss)
    sg_tKeyManage                            0x20000298   Data          48  key.o(.bss)
    .bss                                     0x200002c8   Section      320  menu.o(.bss)
    sg_arrMenuCtrl                           0x200002c8   Data         320  menu.o(.bss)
    .bss                                     0x20000408   Section      112  ui_adjust.o(.bss)
    .bss                                     0x20000478   Section       96  libspace.o(.bss)
    HEAP                                     0x200004d8   Section      768  startup_n32g430.o(HEAP)
    Heap_Mem                                 0x200004d8   Data         768  startup_n32g430.o(HEAP)
    STACK                                    0x200007d8   Section     5376  startup_n32g430.o(STACK)
    Stack_Mem                                0x200007d8   Data        5376  startup_n32g430.o(STACK)
    __initial_sp                             0x20001cd8   Data           0  startup_n32g430.o(STACK)

    Global Symbols

    Symbol Name                              Value     Ov Type        Size  Object(Section)

    BuildAttributes$$THM_ISAv4$E$P$D$K$B$S$7EM$VFPi3$EXTD16$VFPS$VFMA$PE$A:L22UL41UL21$X:L11$S22US41US21$IEEE1$IW$USESV6$~STKCKD$USESV7$~SHL$OTIME$ROPI$IEEEJ$EBA8$UX$STANDARDLIB$REQ8$PRES8$EABIv2 0x00000000   Number         0  anon$$obj.o ABSOLUTE
    __ARM_use_no_argv                        0x00000000   Number         0  main.o ABSOLUTE
    _printf_flags                            0x00000000   Number         0  printf_stubs.o ABSOLUTE
    _printf_return_value                     0x00000000   Number         0  printf_stubs.o ABSOLUTE
    _printf_sizespec                         0x00000000   Number         0  printf_stubs.o ABSOLUTE
    _printf_widthprec                        0x00000000   Number         0  printf_stubs.o ABSOLUTE
    __ARM_exceptions_init                     - Undefined Weak Reference
    __alloca_initialize                       - Undefined Weak Reference
    __arm_preinit_                            - Undefined Weak Reference
    __cpp_initialize__aeabi_                  - Undefined Weak Reference
    __cxa_finalize                            - Undefined Weak Reference
    __sigvec_lookup                           - Undefined Weak Reference
    _atexit_init                              - Undefined Weak Reference
    _call_atexit_fns                          - Undefined Weak Reference
    _clock_init                               - Undefined Weak Reference
    _fp_trap_init                             - Undefined Weak Reference
    _fp_trap_shutdown                         - Undefined Weak Reference
    _get_lc_collate                           - Undefined Weak Reference
    _get_lc_ctype                             - Undefined Weak Reference
    _get_lc_monetary                          - Undefined Weak Reference
    _get_lc_time                              - Undefined Weak Reference
    _getenv_init                              - Undefined Weak Reference
    _handle_redirection                       - Undefined Weak Reference
    _init_alloc                               - Undefined Weak Reference
    _init_user_alloc                          - Undefined Weak Reference
    _initio                                   - Undefined Weak Reference
    _printf_post_padding                      - Undefined Weak Reference
    _printf_pre_padding                       - Undefined Weak Reference
    _rand_init                                - Undefined Weak Reference
    _signal_finish                            - Undefined Weak Reference
    _signal_init                              - Undefined Weak Reference
    _terminate_alloc                          - Undefined Weak Reference
    _terminate_user_alloc                     - Undefined Weak Reference
    _terminateio                              - Undefined Weak Reference
    __Vectors_Size                           0x00000114   Number         0  startup_n32g430.o ABSOLUTE
    __Vectors                                0x08000000   Data           4  startup_n32g430.o(RESET)
    __Vectors_End                            0x08000114   Data           0  startup_n32g430.o(RESET)
    __main                                   0x08000115   Thumb Code     8  __main.o(!!!main)
    __scatterload                            0x0800011d   Thumb Code     0  __scatter.o(!!!scatter)
    __scatterload_rt2                        0x0800011d   Thumb Code    44  __scatter.o(!!!scatter)
    __scatterload_rt2_thumb_only             0x0800011d   Thumb Code     0  __scatter.o(!!!scatter)
    __scatterload_null                       0x0800012b   Thumb Code     0  __scatter.o(!!!scatter)
    __decompress                             0x08000151   Thumb Code    90  __dczerorl2.o(!!dczerorl2)
    __decompress1                            0x08000151   Thumb Code     0  __dczerorl2.o(!!dczerorl2)
    __scatterload_zeroinit                   0x080001ad   Thumb Code    28  __scatter_zi.o(!!handler_zi)
    _printf_f                                0x080001c9   Thumb Code     0  _printf_f.o(.ARM.Collect$$_printf_percent$$00000003)
    _printf_percent                          0x080001c9   Thumb Code     0  _printf_percent.o(.ARM.Collect$$_printf_percent$$00000000)
    _printf_percent_end                      0x080001cf   Thumb Code     0  _printf_percent_end.o(.ARM.Collect$$_printf_percent$$00000017)
    __rt_lib_init                            0x080001d3   Thumb Code     0  libinit.o(.ARM.Collect$$libinit$$00000000)
    __rt_lib_init_fp_1                       0x080001d5   Thumb Code     0  libinit2.o(.ARM.Collect$$libinit$$00000001)
    __rt_lib_init_heap_1                     0x080001d9   Thumb Code     0  libinit2.o(.ARM.Collect$$libinit$$0000000A)
    __rt_lib_init_lc_common                  0x080001d9   Thumb Code     0  libinit2.o(.ARM.Collect$$libinit$$0000000F)
    __rt_lib_init_preinit_1                  0x080001d9   Thumb Code     0  libinit2.o(.ARM.Collect$$libinit$$00000004)
    __rt_lib_init_rand_1                     0x080001d9   Thumb Code     0  libinit2.o(.ARM.Collect$$libinit$$0000000E)
    __rt_lib_init_user_alloc_1               0x080001d9   Thumb Code     0  libinit2.o(.ARM.Collect$$libinit$$0000000C)
    __rt_lib_init_lc_collate_1               0x080001df   Thumb Code     0  libinit2.o(.ARM.Collect$$libinit$$00000011)
    __rt_lib_init_lc_ctype_1                 0x080001df   Thumb Code     0  libinit2.o(.ARM.Collect$$libinit$$00000013)
    __rt_lib_init_lc_monetary_1              0x080001df   Thumb Code     0  libinit2.o(.ARM.Collect$$libinit$$00000015)
    __rt_lib_init_lc_numeric_2               0x080001df   Thumb Code     0  libinit2.o(.ARM.Collect$$libinit$$00000016)
    __rt_lib_init_alloca_1                   0x080001e9   Thumb Code     0  libinit2.o(.ARM.Collect$$libinit$$0000002E)
    __rt_lib_init_argv_1                     0x080001e9   Thumb Code     0  libinit2.o(.ARM.Collect$$libinit$$0000002C)
    __rt_lib_init_atexit_1                   0x080001e9   Thumb Code     0  libinit2.o(.ARM.Collect$$libinit$$0000001B)
    __rt_lib_init_clock_1                    0x080001e9   Thumb Code     0  libinit2.o(.ARM.Collect$$libinit$$00000021)
    __rt_lib_init_cpp_1                      0x080001e9   Thumb Code     0  libinit2.o(.ARM.Collect$$libinit$$00000032)
    __rt_lib_init_exceptions_1               0x080001e9   Thumb Code     0  libinit2.o(.ARM.Collect$$libinit$$00000030)
    __rt_lib_init_fp_trap_1                  0x080001e9   Thumb Code     0  libinit2.o(.ARM.Collect$$libinit$$0000001F)
    __rt_lib_init_getenv_1                   0x080001e9   Thumb Code     0  libinit2.o(.ARM.Collect$$libinit$$00000023)
    __rt_lib_init_lc_numeric_1               0x080001e9   Thumb Code     0  libinit2.o(.ARM.Collect$$libinit$$00000017)
    __rt_lib_init_lc_time_1                  0x080001e9   Thumb Code     0  libinit2.o(.ARM.Collect$$libinit$$00000019)
    __rt_lib_init_return                     0x080001e9   Thumb Code     0  libinit2.o(.ARM.Collect$$libinit$$00000033)
    __rt_lib_init_signal_1                   0x080001e9   Thumb Code     0  libinit2.o(.ARM.Collect$$libinit$$0000001D)
    __rt_lib_init_stdio_1                    0x080001e9   Thumb Code     0  libinit2.o(.ARM.Collect$$libinit$$00000025)
    __rt_lib_shutdown                        0x080001eb   Thumb Code     0  libshutdown.o(.ARM.Collect$$libshutdown$$00000000)
    __rt_lib_shutdown_cpp_1                  0x080001ed   Thumb Code     0  libshutdown2.o(.ARM.Collect$$libshutdown$$00000002)
    __rt_lib_shutdown_fp_trap_1              0x080001ed   Thumb Code     0  libshutdown2.o(.ARM.Collect$$libshutdown$$00000007)
    __rt_lib_shutdown_heap_1                 0x080001ed   Thumb Code     0  libshutdown2.o(.ARM.Collect$$libshutdown$$0000000F)
    __rt_lib_shutdown_return                 0x080001ed   Thumb Code     0  libshutdown2.o(.ARM.Collect$$libshutdown$$00000010)
    __rt_lib_shutdown_signal_1               0x080001ed   Thumb Code     0  libshutdown2.o(.ARM.Collect$$libshutdown$$0000000A)
    __rt_lib_shutdown_stdio_1                0x080001ed   Thumb Code     0  libshutdown2.o(.ARM.Collect$$libshutdown$$00000004)
    __rt_lib_shutdown_user_alloc_1           0x080001ed   Thumb Code     0  libshutdown2.o(.ARM.Collect$$libshutdown$$0000000C)
    __rt_entry                               0x080001ef   Thumb Code     0  __rtentry.o(.ARM.Collect$$rtentry$$00000000)
    __rt_entry_presh_1                       0x080001ef   Thumb Code     0  __rtentry2.o(.ARM.Collect$$rtentry$$00000002)
    __rt_entry_sh                            0x080001ef   Thumb Code     0  __rtentry4.o(.ARM.Collect$$rtentry$$00000004)
    __rt_entry_li                            0x080001f5   Thumb Code     0  __rtentry2.o(.ARM.Collect$$rtentry$$0000000A)
    __rt_entry_postsh_1                      0x080001f5   Thumb Code     0  __rtentry2.o(.ARM.Collect$$rtentry$$00000009)
    __rt_entry_main                          0x080001f9   Thumb Code     0  __rtentry2.o(.ARM.Collect$$rtentry$$0000000D)
    __rt_entry_postli_1                      0x080001f9   Thumb Code     0  __rtentry2.o(.ARM.Collect$$rtentry$$0000000C)
    __rt_exit                                0x08000201   Thumb Code     0  rtexit.o(.ARM.Collect$$rtexit$$00000000)
    __rt_exit_ls                             0x08000203   Thumb Code     0  rtexit2.o(.ARM.Collect$$rtexit$$00000003)
    __rt_exit_prels_1                        0x08000203   Thumb Code     0  rtexit2.o(.ARM.Collect$$rtexit$$00000002)
    __rt_exit_exit                           0x08000207   Thumb Code     0  rtexit2.o(.ARM.Collect$$rtexit$$00000004)
    Reset_Handler                            0x0800020d   Thumb Code     8  startup_n32g430.o(.text)
    PendSV_Handler                           0x08000223   Thumb Code     2  startup_n32g430.o(.text)
    ADC_IRQHandler                           0x08000227   Thumb Code     0  startup_n32g430.o(.text)
    CAN_RX0_IRQHandler                       0x08000227   Thumb Code     0  startup_n32g430.o(.text)
    CAN_RX1_IRQHandler                       0x08000227   Thumb Code     0  startup_n32g430.o(.text)
    CAN_SCE_IRQHandler                       0x08000227   Thumb Code     0  startup_n32g430.o(.text)
    CAN_TX_IRQHandler                        0x08000227   Thumb Code     0  startup_n32g430.o(.text)
    COMP_1_2_3_IRQHandler                    0x08000227   Thumb Code     0  startup_n32g430.o(.text)
    DMA_Channel1_IRQHandler                  0x08000227   Thumb Code     0  startup_n32g430.o(.text)
    DMA_Channel2_IRQHandler                  0x08000227   Thumb Code     0  startup_n32g430.o(.text)
    DMA_Channel3_IRQHandler                  0x08000227   Thumb Code     0  startup_n32g430.o(.text)
    DMA_Channel4_IRQHandler                  0x08000227   Thumb Code     0  startup_n32g430.o(.text)
    DMA_Channel5_IRQHandler                  0x08000227   Thumb Code     0  startup_n32g430.o(.text)
    DMA_Channel6_IRQHandler                  0x08000227   Thumb Code     0  startup_n32g430.o(.text)
    DMA_Channel7_IRQHandler                  0x08000227   Thumb Code     0  startup_n32g430.o(.text)
    DMA_Channel8_IRQHandler                  0x08000227   Thumb Code     0  startup_n32g430.o(.text)
    EXTI0_IRQHandler                         0x08000227   Thumb Code     0  startup_n32g430.o(.text)
    EXTI15_10_IRQHandler                     0x08000227   Thumb Code     0  startup_n32g430.o(.text)
    EXTI1_IRQHandler                         0x08000227   Thumb Code     0  startup_n32g430.o(.text)
    EXTI2_IRQHandler                         0x08000227   Thumb Code     0  startup_n32g430.o(.text)
    EXTI3_IRQHandler                         0x08000227   Thumb Code     0  startup_n32g430.o(.text)
    EXTI4_IRQHandler                         0x08000227   Thumb Code     0  startup_n32g430.o(.text)
    EXTI9_5_IRQHandler                       0x08000227   Thumb Code     0  startup_n32g430.o(.text)
    FLASH_IRQHandler                         0x08000227   Thumb Code     0  startup_n32g430.o(.text)
    I2C1_ER_IRQHandler                       0x08000227   Thumb Code     0  startup_n32g430.o(.text)
    I2C1_EV_IRQHandler                       0x08000227   Thumb Code     0  startup_n32g430.o(.text)
    I2C2_ER_IRQHandler                       0x08000227   Thumb Code     0  startup_n32g430.o(.text)
    I2C2_EV_IRQHandler                       0x08000227   Thumb Code     0  startup_n32g430.o(.text)
    LPTIM_WKUP_IRQHandler                    0x08000227   Thumb Code     0  startup_n32g430.o(.text)
    MMU_IRQHandler                           0x08000227   Thumb Code     0  startup_n32g430.o(.text)
    PVD_IRQHandler                           0x08000227   Thumb Code     0  startup_n32g430.o(.text)
    RCC_IRQHandler                           0x08000227   Thumb Code     0  startup_n32g430.o(.text)
    RTCAlarm_IRQHandler                      0x08000227   Thumb Code     0  startup_n32g430.o(.text)
    RTC_TAMPER_STAMP_IRQHandler              0x08000227   Thumb Code     0  startup_n32g430.o(.text)
    RTC_WKUP_IRQHandler                      0x08000227   Thumb Code     0  startup_n32g430.o(.text)
    SPI1_IRQHandler                          0x08000227   Thumb Code     0  startup_n32g430.o(.text)
    SPI2_IRQHandler                          0x08000227   Thumb Code     0  startup_n32g430.o(.text)
    TIM1_BRK_IRQHandler                      0x08000227   Thumb Code     0  startup_n32g430.o(.text)
    TIM1_CC_IRQHandler                       0x08000227   Thumb Code     0  startup_n32g430.o(.text)
    TIM1_TRG_COM_IRQHandler                  0x08000227   Thumb Code     0  startup_n32g430.o(.text)
    TIM1_UP_IRQHandler                       0x08000227   Thumb Code     0  startup_n32g430.o(.text)
    TIM2_IRQHandler                          0x08000227   Thumb Code     0  startup_n32g430.o(.text)
    TIM3_IRQHandler                          0x08000227   Thumb Code     0  startup_n32g430.o(.text)
    TIM4_IRQHandler                          0x08000227   Thumb Code     0  startup_n32g430.o(.text)
    TIM5_IRQHandler                          0x08000227   Thumb Code     0  startup_n32g430.o(.text)
    TIM8_BRK_IRQHandler                      0x08000227   Thumb Code     0  startup_n32g430.o(.text)
    TIM8_CC_IRQHandler                       0x08000227   Thumb Code     0  startup_n32g430.o(.text)
    TIM8_TRG_COM_IRQHandler                  0x08000227   Thumb Code     0  startup_n32g430.o(.text)
    TIM8_UP_IRQHandler                       0x08000227   Thumb Code     0  startup_n32g430.o(.text)
    UART3_IRQHandler                         0x08000227   Thumb Code     0  startup_n32g430.o(.text)
    UART4_IRQHandler                         0x08000227   Thumb Code     0  startup_n32g430.o(.text)
    USART1_IRQHandler                        0x08000227   Thumb Code     0  startup_n32g430.o(.text)
    USART2_IRQHandler                        0x08000227   Thumb Code     0  startup_n32g430.o(.text)
    WWDG_IRQHandler                          0x08000227   Thumb Code     0  startup_n32g430.o(.text)
    __user_initial_stackheap                 0x08000229   Thumb Code     0  startup_n32g430.o(.text)
    __2sprintf                               0x0800024d   Thumb Code    34  noretval__2sprintf.o(.text)
    __printf                                 0x08000275   Thumb Code   270  __printf_wp.o(.text)
    strlen                                   0x08000383   Thumb Code    62  strlen.o(.text)
    __aeabi_memclr                           0x080003c1   Thumb Code     0  rt_memclr.o(.text)
    __rt_memclr                              0x080003c1   Thumb Code    68  rt_memclr.o(.text)
    _memset                                  0x080003c5   Thumb Code     0  rt_memclr.o(.text)
    __aeabi_memclr4                          0x08000405   Thumb Code     0  rt_memclr_w.o(.text)
    __aeabi_memclr8                          0x08000405   Thumb Code     0  rt_memclr_w.o(.text)
    __rt_memclr_w                            0x08000405   Thumb Code    78  rt_memclr_w.o(.text)
    _memset_w                                0x08000409   Thumb Code     0  rt_memclr_w.o(.text)
    strcmp                                   0x08000455   Thumb Code   128  strcmpv7m.o(.text)
    __use_two_region_memory                  0x080004d5   Thumb Code     2  heapauxi.o(.text)
    __rt_heap_escrow$2region                 0x080004d7   Thumb Code     2  heapauxi.o(.text)
    __rt_heap_expand$2region                 0x080004d9   Thumb Code     2  heapauxi.o(.text)
    __lib_sel_fp_printf                      0x080004db   Thumb Code     2  _printf_fp_dec.o(.text)
    _printf_fp_dec_real                      0x08000689   Thumb Code   620  _printf_fp_dec.o(.text)
    _printf_char_common                      0x080008ff   Thumb Code    32  _printf_char_common.o(.text)
    _sputc                                   0x08000925   Thumb Code    10  _sputc.o(.text)
    __rt_locale                              0x08000931   Thumb Code     8  rt_locale_intlibspace.o(.text)
    _ll_udiv10                               0x08000939   Thumb Code   138  lludiv10.o(.text)
    _printf_fp_infnan                        0x080009c5   Thumb Code   112  _printf_fp_infnan.o(.text)
    _btod_etento                             0x08000a45   Thumb Code   216  bigflt0.o(.text)
    __user_libspace                          0x08000b21   Thumb Code     8  libspace.o(.text)
    __user_perproc_libspace                  0x08000b21   Thumb Code     0  libspace.o(.text)
    __user_perthread_libspace                0x08000b21   Thumb Code     0  libspace.o(.text)
    __user_setup_stackheap                   0x08000b29   Thumb Code    74  sys_stackheap_outer.o(.text)
    exit                                     0x08000b73   Thumb Code    18  exit.o(.text)
    _sys_exit                                0x08000b85   Thumb Code     8  sys_exit.o(.text)
    __I$use$semihosting                      0x08000b91   Thumb Code     0  use_no_semi.o(.text)
    __use_no_semihosting_swi                 0x08000b91   Thumb Code     2  use_no_semi.o(.text)
    __semihosting_library_function           0x08000b93   Thumb Code     0  indicate_semi.o(.text)
    _btod_d2e                                0x08000b93   Thumb Code    62  btod.o(CL$$btod_d2e)
    _d2e_denorm_low                          0x08000bd1   Thumb Code    70  btod.o(CL$$btod_d2e_denorm_low)
    _d2e_norm_op1                            0x08000c17   Thumb Code    96  btod.o(CL$$btod_d2e_norm_op1)
    __btod_div_common                        0x08000c77   Thumb Code   696  btod.o(CL$$btod_div_common)
    _e2e                                     0x08000faf   Thumb Code   198  btod.o(CL$$btod_e2e)
    _btod_ediv                               0x08001075   Thumb Code    40  btod.o(CL$$btod_ediv)
    _btod_emul                               0x0800109d   Thumb Code    40  btod.o(CL$$btod_emul)
    __btod_mult_common                       0x080010c5   Thumb Code   580  btod.o(CL$$btod_mult_common)
    ADC_AHB_Clock_Mode_Config                0x08001309   Thumb Code    14  n32g430_adc.o(i.ADC_AHB_Clock_Mode_Config)
    ADC_CLK_Init                             0x0800131d   Thumb Code    36  adc.o(i.ADC_CLK_Init)
    ADC_Calibration_Operation                0x08001341   Thumb Code    68  n32g430_adc.o(i.ADC_Calibration_Operation)
    ADC_Channel_Sample_Time_Config           0x08001389   Thumb Code   134  n32g430_adc.o(i.ADC_Channel_Sample_Time_Config)
    ADC_Clock_Mode_Config                    0x08001415   Thumb Code    40  n32g430_adc.o(i.ADC_Clock_Mode_Config)
    ADC_Configuration                        0x0800143d   Thumb Code   176  adc.o(i.ADC_Configuration)
    ADC_Continue_Conversion_Disable          0x080014ed   Thumb Code    14  n32g430_adc.o(i.ADC_Continue_Conversion_Disable)
    ADC_Continue_Conversion_Enable           0x08001501   Thumb Code    14  n32g430_adc.o(i.ADC_Continue_Conversion_Enable)
    ADC_DMA_Transfer_Enable                  0x08001515   Thumb Code    14  n32g430_adc.o(i.ADC_DMA_Transfer_Enable)
    ADC_Data_Alignment_Config                0x08001529   Thumb Code    22  n32g430_adc.o(i.ADC_Data_Alignment_Config)
    ADC_Flag_Status_Clear                    0x08001545   Thumb Code    12  n32g430_adc.o(i.ADC_Flag_Status_Clear)
    ADC_Flag_Status_Get                      0x08001555   Thumb Code    40  n32g430_adc.o(i.ADC_Flag_Status_Get)
    ADC_Initializes                          0x08001581   Thumb Code    52  n32g430_adc.o(i.ADC_Initializes)
    ADC_Multichannels_Disable                0x080015b5   Thumb Code    14  n32g430_adc.o(i.ADC_Multichannels_Disable)
    ADC_Multichannels_Enable                 0x080015c9   Thumb Code    14  n32g430_adc.o(i.ADC_Multichannels_Enable)
    ADC_ON                                   0x080015dd   Thumb Code    14  n32g430_adc.o(i.ADC_ON)
    ADC_PLL_Clock_Mode_Config                0x080015f1   Thumb Code    14  n32g430_adc.o(i.ADC_PLL_Clock_Mode_Config)
    ADC_Regular_Channels_Number_Config       0x08001605   Thumb Code    22  n32g430_adc.o(i.ADC_Regular_Channels_Number_Config)
    ADC_Regular_Channels_Software_Conversion_Operation 0x08001621   Thumb Code    66  n32g430_adc.o(i.ADC_Regular_Channels_Software_Conversion_Operation)
    ADC_Regular_Group_External_Trigger_Source_Config 0x08001669   Thumb Code    22  n32g430_adc.o(i.ADC_Regular_Group_External_Trigger_Source_Config)
    ADC_Regular_Sequence_Conversion_Number_Config 0x08001685   Thumb Code   148  n32g430_adc.o(i.ADC_Regular_Sequence_Conversion_Number_Config)
    ADC_Temperature_Sensor_And_Vrefint_Channel_Enable 0x0800171d   Thumb Code    30  n32g430_adc.o(i.ADC_Temperature_Sensor_And_Vrefint_Channel_Enable)
    BusFault_Handler                         0x08001745   Thumb Code     4  n32g430_it.o(i.BusFault_Handler)
    DMA_Buffer_Size_Config                   0x080017a9   Thumb Code     4  n32g430_dma.o(i.DMA_Buffer_Size_Config)
    DMA_Channel_Enable                       0x080017ad   Thumb Code    10  n32g430_dma.o(i.DMA_Channel_Enable)
    DMA_Channel_Request_Remap                0x080017b7   Thumb Code     4  n32g430_dma.o(i.DMA_Channel_Request_Remap)
    DMA_Circular_Mode_Config                 0x080017bb   Thumb Code    16  n32g430_dma.o(i.DMA_Circular_Mode_Config)
    DMA_Configuration                        0x080017cd   Thumb Code    90  adc.o(i.DMA_Configuration)
    DMA_Destination_Config                   0x08001835   Thumb Code    16  n32g430_dma.o(i.DMA_Destination_Config)
    DMA_Initializes                          0x08001845   Thumb Code    96  n32g430_dma.o(i.DMA_Initializes)
    DMA_Memory_2_Memory_Config               0x080018a5   Thumb Code    16  n32g430_dma.o(i.DMA_Memory_2_Memory_Config)
    DMA_Memory_Addr_Increment_Config         0x080018b5   Thumb Code    16  n32g430_dma.o(i.DMA_Memory_Addr_Increment_Config)
    DMA_Memory_Address_Config                0x080018c5   Thumb Code     4  n32g430_dma.o(i.DMA_Memory_Address_Config)
    DMA_Memory_Data_Width_Config             0x080018c9   Thumb Code    16  n32g430_dma.o(i.DMA_Memory_Data_Width_Config)
    DMA_Peripheral_Addr_Increment_Config     0x080018d9   Thumb Code    16  n32g430_dma.o(i.DMA_Peripheral_Addr_Increment_Config)
    DMA_Peripheral_Address_Config            0x080018e9   Thumb Code     4  n32g430_dma.o(i.DMA_Peripheral_Address_Config)
    DMA_Peripheral_Data_Width_Config         0x080018ed   Thumb Code    16  n32g430_dma.o(i.DMA_Peripheral_Data_Width_Config)
    DMA_Priority_Config                      0x080018fd   Thumb Code    16  n32g430_dma.o(i.DMA_Priority_Config)
    DMA_Structure_Initializes                0x0800190d   Thumb Code    26  n32g430_dma.o(i.DMA_Structure_Initializes)
    DebugMon_Handler                         0x08001927   Thumb Code     2  n32g430_it.o(i.DebugMon_Handler)
    EnableNewProtocol                        0x08001941   Thumb Code   218  decoy.o(i.EnableNewProtocol)
    FLASH_Flag_Status_Clear                  0x08001a25   Thumb Code    12  n32g430_flash.o(i.FLASH_Flag_Status_Clear)
    FLASH_Last_Operation_Wait                0x08001a35   Thumb Code    38  n32g430_flash.o(i.FLASH_Last_Operation_Wait)
    FLASH_Latency_Set                        0x08001a5d   Thumb Code    18  n32g430_flash.o(i.FLASH_Latency_Set)
    FLASH_Lock                               0x08001a75   Thumb Code    14  n32g430_flash.o(i.FLASH_Lock)
    FLASH_One_Page_Erase                     0x08001a89   Thumb Code    76  n32g430_flash.o(i.FLASH_One_Page_Erase)
    FLASH_Status_Get                         0x08001aed   Thumb Code    48  n32g430_flash.o(i.FLASH_Status_Get)
    FLASH_Unlock                             0x08001b21   Thumb Code    12  n32g430_flash.o(i.FLASH_Unlock)
    FLASH_Word_Program                       0x08001b39   Thumb Code    76  n32g430_flash.o(i.FLASH_Word_Program)
    FS2711_Debug                             0x08001b89   Thumb Code     4  fs2711.o(i.FS2711_Debug)
    FS2711_Enable_Protocol                   0x08001b8d   Thumb Code    26  fs2711.o(i.FS2711_Enable_Protocol)
    FS2711_Enable_Voltage_Current            0x08001ba7   Thumb Code    12  fs2711.o(i.FS2711_Enable_Voltage_Current)
    FS2711_GPIO_Init                         0x08001bb5   Thumb Code    58  i2c.o(i.FS2711_GPIO_Init)
    FS2711_Get_PPS_Num                       0x08001bf5   Thumb Code    34  fs2711.o(i.FS2711_Get_PPS_Num)
    FS2711_Get_State                         0x08001c1d   Thumb Code   550  fs2711.o(i.FS2711_Get_State)
    FS2711_Port_Disconnect                   0x08001e49   Thumb Code    20  fs2711.o(i.FS2711_Port_Disconnect)
    FS2711_Port_Reset                        0x08001e5d   Thumb Code    42  fs2711.o(i.FS2711_Port_Reset)
    FS2711_Read                              0x08001e87   Thumb Code    18  fs2711.o(i.FS2711_Read)
    FS2711_SCP_Calc                          0x08001e99   Thumb Code    64  fs2711.o(i.FS2711_SCP_Calc)
    FS2711_Select_Protocol                   0x08001ed9   Thumb Code    28  fs2711.o(i.FS2711_Select_Protocol)
    FS2711_Select_Voltage_Current            0x08001f21   Thumb Code   816  fs2711.o(i.FS2711_Select_Voltage_Current)
    FS2711_System_Reset                      0x080022c5   Thumb Code    12  fs2711.o(i.FS2711_System_Reset)
    FS2711_Write                             0x080022d1   Thumb Code    16  fs2711.o(i.FS2711_Write)
    Flash_Read                               0x080022e1   Thumb Code    86  flash.o(i.Flash_Read)
    Flash_Write                              0x08002341   Thumb Code   110  flash.o(i.Flash_Write)
    GPIO_Alternate_Set                       0x080023b9   Thumb Code    64  n32g430_gpio.o(i.GPIO_Alternate_Set)
    GPIO_Configuration                       0x080023f9   Thumb Code    30  adc.o(i.GPIO_Configuration)
    GPIO_Driver_Set                          0x0800241d   Thumb Code    28  n32g430_gpio.o(i.GPIO_Driver_Set)
    GPIO_Input_Pin_Data_Get                  0x08002439   Thumb Code    16  n32g430_gpio.o(i.GPIO_Input_Pin_Data_Get)
    GPIO_Mode_Set                            0x08002449   Thumb Code    68  n32g430_gpio.o(i.GPIO_Mode_Set)
    GPIO_Peripheral_Initialize               0x0800248d   Thumb Code    86  n32g430_gpio.o(i.GPIO_Peripheral_Initialize)
    GPIO_Pins_Reset                          0x080024e3   Thumb Code     4  n32g430_gpio.o(i.GPIO_Pins_Reset)
    GPIO_Pins_Set                            0x080024e7   Thumb Code     4  n32g430_gpio.o(i.GPIO_Pins_Set)
    GPIO_Pull_Set                            0x080024eb   Thumb Code    28  n32g430_gpio.o(i.GPIO_Pull_Set)
    GPIO_SlewRate_Set                        0x08002507   Thumb Code    24  n32g430_gpio.o(i.GPIO_SlewRate_Set)
    GPIO_Structure_Initialize                0x0800251f   Thumb Code    24  n32g430_gpio.o(i.GPIO_Structure_Initialize)
    Get_Average_ADC_Converted_Value          0x08002539   Thumb Code   408  adc.o(i.Get_Average_ADC_Converted_Value)
    HardFault_Handler                        0x080026ed   Thumb Code     4  n32g430_it.o(i.HardFault_Handler)
    I2C_ReStart                              0x080026f1   Thumb Code    82  i2c.o(i.I2C_ReStart)
    I2C_Start                                0x08002749   Thumb Code    66  i2c.o(i.I2C_Start)
    I2C_Stop                                 0x08002791   Thumb Code    50  i2c.o(i.I2C_Stop)
    I2C_Wait_Ack                             0x080027c9   Thumb Code    34  i2c.o(i.I2C_Wait_Ack)
    Init_FS2711                              0x08002839   Thumb Code    56  decoy.o(i.Init_FS2711)
    IoKey_Init                               0x08002875   Thumb Code    26  keyio.o(i.IoKey_Init)
    IoKey_Read                               0x08002895   Thumb Code    16  keyio.o(i.IoKey_Read)
    IoKey_Scan                               0x080028a9   Thumb Code    66  keyio.o(i.IoKey_Scan)
    KEY_GetClickCnt                          0x080028f9   Thumb Code   120  key.o(i.KEY_GetClickCnt)
    KEY_GetPressTime                         0x08002975   Thumb Code    20  key.o(i.KEY_GetPressTime)
    KEY_Init                                 0x0800298d   Thumb Code    90  key.o(i.KEY_Init)
    KEY_Register                             0x080029ed   Thumb Code    14  key.o(i.KEY_Register)
    KEY_Scan                                 0x08002a01   Thumb Code   454  key.o(i.KEY_Scan)
    KEY_SetNotifyTime                        0x08002bcd   Thumb Code    14  key.o(i.KEY_SetNotifyTime)
    Key_Register_PD                          0x08002be1   Thumb Code    12  ui_adjust.o(i.Key_Register_PD)
    Key_Register_QC                          0x08002bf1   Thumb Code    12  ui_adjust.o(i.Key_Register_QC)
    Key_Start_Task                           0x08002c01   Thumb Code    28  ui.o(i.Key_Start_Task)
    LCD_Address_Set                          0x08002c29   Thumb Code    70  lcd_init.o(i.LCD_Address_Set)
    LCD_DrawPoint                            0x08002c6f   Thumb Code    28  lcd.o(i.LCD_DrawPoint)
    LCD_Fill                                 0x08002c8b   Thumb Code    74  lcd.o(i.LCD_Fill)
    LCD_GPIO_Init                            0x08002cd5   Thumb Code    56  lcd_init.o(i.LCD_GPIO_Init)
    LCD_Init                                 0x08002d11   Thumb Code   598  lcd_init.o(i.LCD_Init)
    LCD_Roll                                 0x08002f6d   Thumb Code    48  lcd.o(i.LCD_Roll)
    LCD_ShowChar                             0x08002f9d   Thumb Code   328  lcd.o(i.LCD_ShowChar)
    LCD_ShowPicture                          0x080030f5   Thumb Code   102  lcd.o(i.LCD_ShowPicture)
    LCD_ShowString                           0x0800315b   Thumb Code    66  lcd.o(i.LCD_ShowString)
    LCD_WR_DATA                              0x0800319d   Thumb Code    12  lcd_init.o(i.LCD_WR_DATA)
    LCD_WR_DATA8                             0x080031a9   Thumb Code    12  lcd_init.o(i.LCD_WR_DATA8)
    LCD_WR_REG                               0x080031b5   Thumb Code    32  lcd_init.o(i.LCD_WR_REG)
    LCD_Writ_Bus                             0x080031d9   Thumb Code    12  lcd_init.o(i.LCD_Writ_Bus)
    MemManage_Handler                        0x080031e5   Thumb Code     4  n32g430_it.o(i.MemManage_Handler)
    Menu_Bind                                0x080031e9   Thumb Code    50  menu.o(i.Menu_Bind)
    Menu_Enter                               0x08003221   Thumb Code   142  menu.o(i.Menu_Enter)
    Menu_Exit                                0x080032b5   Thumb Code   152  menu.o(i.Menu_Exit)
    Menu_Init                                0x08003351   Thumb Code    94  menu.o(i.Menu_Init)
    Menu_LimitShowListNum                    0x080033b9   Thumb Code    64  menu.o(i.Menu_LimitShowListNum)
    Menu_Reset                               0x080033f9   Thumb Code    56  menu.o(i.Menu_Reset)
    Menu_ResetItemsNum                       0x08003435   Thumb Code    12  menu.o(i.Menu_ResetItemsNum)
    Menu_SelectNext                          0x08003445   Thumb Code    84  menu.o(i.Menu_SelectNext)
    Menu_SelectPrevious                      0x0800349d   Thumb Code    74  menu.o(i.Menu_SelectPrevious)
    Menu_SetItemBeginLocation                0x080034ed   Thumb Code   104  menu.o(i.Menu_SetItemBeginLocation)
    Menu_SetShowBaseItem                     0x0800355d   Thumb Code     8  menu.o(i.Menu_SetShowBaseItem)
    Menu_ShortcutEnter                       0x08003569   Thumb Code    92  menu.o(i.Menu_ShortcutEnter)
    Menu_Task                                0x080035c9   Thumb Code   234  menu.o(i.Menu_Task)
    NMI_Handler                              0x080036b9   Thumb Code     2  n32g430_it.o(i.NMI_Handler)
    NVIC_Initializes                         0x080036bd   Thumb Code   100  misc.o(i.NVIC_Initializes)
    OnKeyActionProess                        0x08003755   Thumb Code   246  ui.o(i.OnKeyActionProess)
    OnKeyActionProessDown                    0x08003865   Thumb Code    36  ui.o(i.OnKeyActionProessDown)
    OnKeyActionProessUp                      0x0800388d   Thumb Code    34  ui.o(i.OnKeyActionProessUp)
    OnKeyOkPDProess                          0x080038b5   Thumb Code   194  ui_adjust.o(i.OnKeyOkPDProess)
    OnKeyOkQCProess                          0x08003989   Thumb Code   194  ui_adjust.o(i.OnKeyOkQCProess)
    OnPDFunction                             0x08003a5d   Thumb Code   190  ui_adjust.o(i.OnPDFunction)
    OnPDFunctionExit                         0x08003b39   Thumb Code    52  ui_adjust.o(i.OnPDFunctionExit)
    OnPDFunctionLoad                         0x08003b75   Thumb Code   120  ui_adjust.o(i.OnPDFunctionLoad)
    OnQCFunction                             0x08003bf9   Thumb Code   190  ui_adjust.o(i.OnQCFunction)
    OnQCFunctionExit                         0x08003cd5   Thumb Code    46  ui_adjust.o(i.OnQCFunctionExit)
    OnQCFunctionLoad                         0x08003d09   Thumb Code   212  ui_adjust.o(i.OnQCFunctionLoad)
    PD_Ok                                    0x08003df9   Thumb Code   256  ui_adjust.o(i.PD_Ok)
    PinInInitSDA                             0x08003f09   Thumb Code    38  i2c.o(i.PinInInitSDA)
    PinOutInitSDA                            0x08003f35   Thumb Code    38  i2c.o(i.PinOutInitSDA)
    QC_Ok                                    0x08003f61   Thumb Code   160  ui_adjust.o(i.QC_Ok)
    RCC_ADC_1M_Clock_Config                  0x0800400d   Thumb Code    24  n32g430_rcc.o(i.RCC_ADC_1M_Clock_Config)
    RCC_ADC_Hclk_Config                      0x08004029   Thumb Code    18  n32g430_rcc.o(i.RCC_ADC_Hclk_Config)
    RCC_ADC_Hclk_Enable                      0x08004041   Thumb Code    18  n32g430_rcc.o(i.RCC_ADC_Hclk_Enable)
    RCC_ADC_PLL_Clock_Disable                0x08004059   Thumb Code    14  n32g430_rcc.o(i.RCC_ADC_PLL_Clock_Disable)
    RCC_ADC_PLL_Clock_Prescaler_Enable       0x0800406d   Thumb Code    18  n32g430_rcc.o(i.RCC_ADC_PLL_Clock_Prescaler_Enable)
    RCC_AHB_Peripheral_Clock_Enable          0x08004085   Thumb Code    12  n32g430_rcc.o(i.RCC_AHB_Peripheral_Clock_Enable)
    RCC_APB1_Peripheral_Clock_Enable         0x08004095   Thumb Code    12  n32g430_rcc.o(i.RCC_APB1_Peripheral_Clock_Enable)
    RCC_APB2_Peripheral_Clock_Enable         0x080040a5   Thumb Code    12  n32g430_rcc.o(i.RCC_APB2_Peripheral_Clock_Enable)
    RCC_APB2_Peripheral_Reset                0x080040b5   Thumb Code    20  n32g430_rcc.o(i.RCC_APB2_Peripheral_Reset)
    RCC_Clocks_Frequencies_Value_Get         0x080040cd   Thumb Code   250  n32g430_rcc.o(i.RCC_Clocks_Frequencies_Value_Get)
    RCC_Flag_Status_Get                      0x080041e5   Thumb Code    58  n32g430_rcc.o(i.RCC_Flag_Status_Get)
    RCC_HSI_Enable                           0x08004225   Thumb Code     8  n32g430_rcc.o(i.RCC_HSI_Enable)
    RCC_HSI_Stable_Wait                      0x08004231   Thumb Code    78  n32g430_rcc.o(i.RCC_HSI_Stable_Wait)
    RCC_Hclk_Config                          0x08004285   Thumb Code    18  n32g430_rcc.o(i.RCC_Hclk_Config)
    RCC_PLL_Config                           0x0800429d   Thumb Code    46  n32g430_rcc.o(i.RCC_PLL_Config)
    RCC_PLL_Enable                           0x080042d5   Thumb Code     8  n32g430_rcc.o(i.RCC_PLL_Enable)
    RCC_Pclk1_Config                         0x080042e1   Thumb Code    18  n32g430_rcc.o(i.RCC_Pclk1_Config)
    RCC_Pclk2_Config                         0x080042f9   Thumb Code    20  n32g430_rcc.o(i.RCC_Pclk2_Config)
    RCC_Reset                                0x08004311   Thumb Code    74  n32g430_rcc.o(i.RCC_Reset)
    RCC_Sysclk_Config                        0x08004371   Thumb Code    18  n32g430_rcc.o(i.RCC_Sysclk_Config)
    RCC_Sysclk_Source_Get                    0x08004389   Thumb Code    10  n32g430_rcc.o(i.RCC_Sysclk_Source_Get)
    Read_I2C_Byte                            0x08004399   Thumb Code    90  i2c.o(i.Read_I2C_Byte)
    Read_IIC                                 0x080043f9   Thumb Code    56  i2c.o(i.Read_IIC)
    SPI_BaudRatePres_Config                  0x08004431   Thumb Code    16  n32g430_spi.o(i.SPI_BaudRatePres_Config)
    SPI_CLKPHA_Config                        0x08004441   Thumb Code    16  n32g430_spi.o(i.SPI_CLKPHA_Config)
    SPI_CLKPOL_Config                        0x08004451   Thumb Code    16  n32g430_spi.o(i.SPI_CLKPOL_Config)
    SPI_CRC_Polynomial_Set                   0x08004461   Thumb Code     4  n32g430_spi.o(i.SPI_CRC_Polynomial_Set)
    SPI_DataDirection_Config                 0x08004465   Thumb Code    16  n32g430_spi.o(i.SPI_DataDirection_Config)
    SPI_DataLen_Config                       0x08004475   Thumb Code    16  n32g430_spi.o(i.SPI_DataLen_Config)
    SPI_FirstBit_Config                      0x08004485   Thumb Code    16  n32g430_spi.o(i.SPI_FirstBit_Config)
    SPI_GPIO_Init                            0x08004495   Thumb Code    38  spi.o(i.SPI_GPIO_Init)
    SPI_I2S_Data_Transmit                    0x080044c1   Thumb Code     4  n32g430_spi.o(i.SPI_I2S_Data_Transmit)
    SPI_I2S_Flag_Status_Get                  0x080044c5   Thumb Code    18  n32g430_spi.o(i.SPI_I2S_Flag_Status_Get)
    SPI_I2S_Reset                            0x080044d9   Thumb Code    34  n32g430_spi.o(i.SPI_I2S_Reset)
    SPI_Initializes                          0x08004505   Thumb Code    80  n32g430_spi.o(i.SPI_Initializes)
    SPI_Initializes_Structure                0x08004555   Thumb Code    24  n32g430_spi.o(i.SPI_Initializes_Structure)
    SPI_NSS_Config                           0x0800456d   Thumb Code    16  n32g430_spi.o(i.SPI_NSS_Config)
    SPI_ON                                   0x0800457d   Thumb Code    10  n32g430_spi.o(i.SPI_ON)
    SPI_Send_Data16                          0x08004587   Thumb Code    18  spi.o(i.SPI_Send_Data16)
    SPI_Send_Data8                           0x08004599   Thumb Code    58  spi.o(i.SPI_Send_Data8)
    SPI_Set_Nss_Level                        0x080045dd   Thumb Code    26  n32g430_spi.o(i.SPI_Set_Nss_Level)
    SPI_SpiMode_Config                       0x080045f7   Thumb Code    16  n32g430_spi.o(i.SPI_SpiMode_Config)
    SPI_TFT_Init                             0x08004609   Thumb Code    82  spi.o(i.SPI_TFT_Init)
    SVC_Handler                              0x08004665   Thumb Code     2  n32g430_it.o(i.SVC_Handler)
    Set_PD_Protocol                          0x08004669   Thumb Code    12  ui_adjust.o(i.Set_PD_Protocol)
    Set_QC_Protocol                          0x08004679   Thumb Code    12  ui_adjust.o(i.Set_QC_Protocol)
    Set_SysClock_To_PLL128MHz                0x08004689   Thumb Code    96  sysclk.o(i.Set_SysClock_To_PLL128MHz)
    ShowAdjMainMenu                          0x080046f1   Thumb Code   144  ui_adjust.o(i.ShowAdjMainMenu)
    ShowMainMenu                             0x08004781   Thumb Code    98  ui.o(i.ShowMainMenu)
    ShowPdMainMenu                           0x080047fd   Thumb Code  1914  ui_adjust.o(i.ShowPdMainMenu)
    ShowQCMainMenu                           0x08004f95   Thumb Code   478  ui_adjust.o(i.ShowQCMainMenu)
    Start_ADC_Convert_Once                   0x080051ad   Thumb Code    42  adc.o(i.Start_ADC_Convert_Once)
    SysTick_Delay_Ms                         0x080051d7   Thumb Code    74  bsp_delay.o(i.SysTick_Delay_Ms)
    SysTick_Delay_Us                         0x08005221   Thumb Code    72  bsp_delay.o(i.SysTick_Delay_Us)
    SysTick_Handler                          0x0800526d   Thumb Code     2  n32g430_it.o(i.SysTick_Handler)
    System_Initializes                       0x08005389   Thumb Code   144  system_n32g430.o(i.System_Initializes)
    TIM6_IRQHandler                          0x08005435   Thumb Code    72  main.o(i.TIM6_IRQHandler)
    TIM_Base_Auto_Reload_Set                 0x08005485   Thumb Code     4  n32g430_tim.o(i.TIM_Base_Auto_Reload_Set)
    TIM_Base_Channel1                        0x08005489   Thumb Code    22  n32g430_tim.o(i.TIM_Base_Channel1)
    TIM_Base_Channel2                        0x0800549f   Thumb Code    22  n32g430_tim.o(i.TIM_Base_Channel2)
    TIM_Base_Channel3                        0x080054b5   Thumb Code    22  n32g430_tim.o(i.TIM_Base_Channel3)
    TIM_Base_Channel4                        0x080054cb   Thumb Code    22  n32g430_tim.o(i.TIM_Base_Channel4)
    TIM_Base_Count_Mode_Set                  0x080054e1   Thumb Code    16  n32g430_tim.o(i.TIM_Base_Count_Mode_Set)
    TIM_Base_Initialize                      0x080054f1   Thumb Code   156  n32g430_tim.o(i.TIM_Base_Initialize)
    TIM_Base_OCrefClear                      0x080055a1   Thumb Code    22  n32g430_tim.o(i.TIM_Base_OCrefClear)
    TIM_Base_Prescaler_Set                   0x080055b7   Thumb Code     4  n32g430_tim.o(i.TIM_Base_Prescaler_Set)
    TIM_Base_Reload_Mode_Set                 0x080055bb   Thumb Code     4  n32g430_tim.o(i.TIM_Base_Reload_Mode_Set)
    TIM_Base_Repeat_Count_Set                0x080055bf   Thumb Code     4  n32g430_tim.o(i.TIM_Base_Repeat_Count_Set)
    TIM_Base_Struct_Initialize               0x080055c3   Thumb Code    30  n32g430_tim.o(i.TIM_Base_Struct_Initialize)
    TIM_Clock_Division_Set                   0x080055e1   Thumb Code    16  n32g430_tim.o(i.TIM_Clock_Division_Set)
    TIM_Interrupt_Enable                     0x080055f1   Thumb Code     8  n32g430_tim.o(i.TIM_Interrupt_Enable)
    TIM_Interrupt_Status_Clear               0x080055f9   Thumb Code     6  n32g430_tim.o(i.TIM_Interrupt_Status_Clear)
    TIM_Interrupt_Status_Get                 0x080055ff   Thumb Code    32  n32g430_tim.o(i.TIM_Interrupt_Status_Get)
    TIM_On                                   0x0800561f   Thumb Code    10  n32g430_tim.o(i.TIM_On)
    TempCal                                  0x08005629   Thumb Code    92  adc.o(i.TempCal)
    Tim6_Init                                0x08005695   Thumb Code   100  main.o(i.Tim6_Init)
    UI_Adjust_Exit                           0x080056fd   Thumb Code    22  ui_adjust.o(i.UI_Adjust_Exit)
    UI_Adjust_Load                           0x08005715   Thumb Code    28  ui_adjust.o(i.UI_Adjust_Load)
    UI_Adjust_Task                           0x08005739   Thumb Code     2  ui_adjust.o(i.UI_Adjust_Task)
    UI_Main_Load                             0x0800573d   Thumb Code    44  ui.o(i.UI_Main_Load)
    UI_Main_Task                             0x08005779   Thumb Code     2  ui.o(i.UI_Main_Task)
    UI_Measure_Exit                          0x0800577d   Thumb Code    22  ui_measure.o(i.UI_Measure_Exit)
    UI_Measure_Load                          0x08005799   Thumb Code    30  ui_measure.o(i.UI_Measure_Load)
    UI_Measure_Task                          0x080057c1   Thumb Code   476  ui_measure.o(i.UI_Measure_Task)
    UsageFault_Handler                       0x08005a15   Thumb Code     4  n32g430_it.o(i.UsageFault_Handler)
    Write_I2C_Byte                           0x08005a19   Thumb Code   104  i2c.o(i.Write_I2C_Byte)
    Write_IIC                                0x08005a85   Thumb Code    46  i2c.o(i.Write_IIC)
    __ARM_fpclassify                         0x08005ab3   Thumb Code    48  fpclassify.o(i.__ARM_fpclassify)
    _is_digit                                0x08005ae3   Thumb Code    14  __printf_wp.o(i._is_digit)
    delay                                    0x08005af1   Thumb Code    12  i2c.o(i.delay)
    main                                     0x08005afd   Thumb Code    76  main.o(i.main)
    mcuRestart                               0x08005b65   Thumb Code    68  decoy.o(i.mcuRestart)
    _get_lc_numeric                          0x08005bb1   Thumb Code    44  lc_numeric_c.o(locale$$code)
    __aeabi_d2f                              0x08005bdd   Thumb Code     0  d2f.o(x$fpl$d2f)
    _d2f                                     0x08005bdd   Thumb Code    98  d2f.o(x$fpl$d2f)
    __aeabi_ddiv                             0x08005c41   Thumb Code     0  ddiv.o(x$fpl$ddiv)
    _ddiv                                    0x08005c41   Thumb Code   552  ddiv.o(x$fpl$ddiv)
    __aeabi_ui2d                             0x08005ef1   Thumb Code     0  dflt_clz.o(x$fpl$dfltu)
    _dfltu                                   0x08005ef1   Thumb Code    38  dflt_clz.o(x$fpl$dfltu)
    __aeabi_dmul                             0x08005f19   Thumb Code     0  dmul.o(x$fpl$dmul)
    _dmul                                    0x08005f19   Thumb Code   332  dmul.o(x$fpl$dmul)
    __fpl_dnaninf                            0x0800606d   Thumb Code   156  dnaninf.o(x$fpl$dnaninf)
    __fpl_dretinf                            0x08006109   Thumb Code    12  dretinf.o(x$fpl$dretinf)
    __aeabi_f2d                              0x08006115   Thumb Code     0  f2d.o(x$fpl$f2d)
    _f2d                                     0x08006115   Thumb Code    86  f2d.o(x$fpl$f2d)
    __fpl_fnaninf                            0x0800616b   Thumb Code   140  fnaninf.o(x$fpl$fnaninf)
    _fp_init                                 0x080061f7   Thumb Code    10  fpinit.o(x$fpl$fpinit)
    __fplib_config_fpu_vfp                   0x080061ff   Thumb Code     0  fpinit.o(x$fpl$fpinit)
    __fplib_config_pureend_doubles           0x080061ff   Thumb Code     0  fpinit.o(x$fpl$fpinit)
    __fpl_fretinf                            0x08006201   Thumb Code    10  fretinf.o(x$fpl$fretinf)
    _printf_fp_dec                           0x0800620b   Thumb Code     4  printf1.o(x$fpl$printf1)
    __I$use$fp                               0x0800620e   Number         0  usenofp.o(x$fpl$usenofp)
    ascii_1206                               0x0800624e   Data        1140  lcd.o(.constdata)
    ascii_1608                               0x080066c2   Data        1520  lcd.o(.constdata)
    ascii_2412                               0x08006cb2   Data        4560  lcd.o(.constdata)
    ascii_3216                               0x08007e82   Data        6080  lcd.o(.constdata)
    gImage_measu                             0x08009642   Data        3200  ui.o(.constdata)
    gImage_Adj                               0x0800a2c2   Data        3200  ui.o(.constdata)
    QC_Value                                 0x0800af42   Data           8  ui_adjust.o(.constdata)
    Region$$Table$$Base                      0x0800b058   Number         0  anon$$obj.o(Region$$Table)
    Region$$Table$$Limit                     0x0800b078   Number         0  anon$$obj.o(Region$$Table)
    SystemClockFrequency                     0x20000000   Data           4  system_n32g430.o(.data)
    IsReset                                  0x20000008   Data           1  main.o(.data)
    Key_Ok_Func                              0x2000001c   Data           1  ui.o(.data)
    Screen_Roll                              0x2000001d   Data           1  ui.o(.data)
    sg_MainMenuTable                         0x20000020   Data          48  ui.o(.data)
    ConnectFlag                              0x20000051   Data           1  ui_measure.o(.data)
    MeasureFlag                              0x20000052   Data           1  ui_measure.o(.data)
    sg_AdjMenuTable                          0x20000054   Data          48  ui_adjust.o(.data)
    pps_sel                                  0x20000084   Data           1  ui_adjust.o(.data)
    temp_mode                                0x20000085   Data           1  ui_adjust.o(.data)
    sg_PDMenuTable                           0x20000088   Data         216  ui_adjust.o(.data)
    sg_QCMenuTable                           0x20000160   Data         144  ui_adjust.o(.data)
    ADC_Converted_Value                      0x200001f4   Data          10  adc.o(.bss)
    ADC_Calculation_Value                    0x20000200   Data          20  adc.o(.bss)
    SPI_InitStructure                        0x20000214   Data          18  spi.o(.bss)
    FS2711_Lib                               0x20000228   Data          96  fs2711.o(.bss)
    sg_FlashSelect                           0x20000288   Data          14  flash.o(.bss)
    PdMenuVolt                               0x20000408   Data         112  ui_adjust.o(.bss)
    __libspace_start                         0x20000478   Data          96  libspace.o(.bss)
    __temporary_stack_top$libspace           0x200004d8   Data           0  libspace.o(.bss)



==============================================================================

Memory Map of the image

  Image Entry point : 0x08000115

  Load Region LR_IROM1 (Base: 0x08000000, Size: 0x0000b288, Max: 0x00010000, ABSOLUTE, COMPRESSED[0x0000b14c])

    Execution Region ER_IROM1 (Base: 0x08000000, Size: 0x0000b094, Max: 0x00010000, ABSOLUTE)

    Base Addr    Size         Type   Attr      Idx    E Section Name        Object

    0x08000000   0x00000114   Data   RO            3    RESET               startup_n32g430.o
    0x08000114   0x00000008   Code   RO         7003  * !!!main             c_w.l(__main.o)
    0x0800011c   0x00000034   Code   RO         7239    !!!scatter          c_w.l(__scatter.o)
    0x08000150   0x0000005a   Code   RO         7237    !!dczerorl2         c_w.l(__dczerorl2.o)
    0x080001aa   0x00000002   PAD
    0x080001ac   0x0000001c   Code   RO         7241    !!handler_zi        c_w.l(__scatter_zi.o)
    0x080001c8   0x00000000   Code   RO         6992    .ARM.Collect$$_printf_percent$$00000000  c_w.l(_printf_percent.o)
    0x080001c8   0x00000006   Code   RO         6991    .ARM.Collect$$_printf_percent$$00000003  c_w.l(_printf_f.o)
    0x080001ce   0x00000004   Code   RO         7030    .ARM.Collect$$_printf_percent$$00000017  c_w.l(_printf_percent_end.o)
    0x080001d2   0x00000002   Code   RO         7110    .ARM.Collect$$libinit$$00000000  c_w.l(libinit.o)
    0x080001d4   0x00000004   Code   RO         7111    .ARM.Collect$$libinit$$00000001  c_w.l(libinit2.o)
    0x080001d8   0x00000000   Code   RO         7114    .ARM.Collect$$libinit$$00000004  c_w.l(libinit2.o)
    0x080001d8   0x00000000   Code   RO         7117    .ARM.Collect$$libinit$$0000000A  c_w.l(libinit2.o)
    0x080001d8   0x00000000   Code   RO         7119    .ARM.Collect$$libinit$$0000000C  c_w.l(libinit2.o)
    0x080001d8   0x00000000   Code   RO         7121    .ARM.Collect$$libinit$$0000000E  c_w.l(libinit2.o)
    0x080001d8   0x00000006   Code   RO         7122    .ARM.Collect$$libinit$$0000000F  c_w.l(libinit2.o)
    0x080001de   0x00000000   Code   RO         7124    .ARM.Collect$$libinit$$00000011  c_w.l(libinit2.o)
    0x080001de   0x00000000   Code   RO         7126    .ARM.Collect$$libinit$$00000013  c_w.l(libinit2.o)
    0x080001de   0x00000000   Code   RO         7128    .ARM.Collect$$libinit$$00000015  c_w.l(libinit2.o)
    0x080001de   0x0000000a   Code   RO         7129    .ARM.Collect$$libinit$$00000016  c_w.l(libinit2.o)
    0x080001e8   0x00000000   Code   RO         7130    .ARM.Collect$$libinit$$00000017  c_w.l(libinit2.o)
    0x080001e8   0x00000000   Code   RO         7132    .ARM.Collect$$libinit$$00000019  c_w.l(libinit2.o)
    0x080001e8   0x00000000   Code   RO         7134    .ARM.Collect$$libinit$$0000001B  c_w.l(libinit2.o)
    0x080001e8   0x00000000   Code   RO         7136    .ARM.Collect$$libinit$$0000001D  c_w.l(libinit2.o)
    0x080001e8   0x00000000   Code   RO         7138    .ARM.Collect$$libinit$$0000001F  c_w.l(libinit2.o)
    0x080001e8   0x00000000   Code   RO         7140    .ARM.Collect$$libinit$$00000021  c_w.l(libinit2.o)
    0x080001e8   0x00000000   Code   RO         7142    .ARM.Collect$$libinit$$00000023  c_w.l(libinit2.o)
    0x080001e8   0x00000000   Code   RO         7144    .ARM.Collect$$libinit$$00000025  c_w.l(libinit2.o)
    0x080001e8   0x00000000   Code   RO         7148    .ARM.Collect$$libinit$$0000002C  c_w.l(libinit2.o)
    0x080001e8   0x00000000   Code   RO         7150    .ARM.Collect$$libinit$$0000002E  c_w.l(libinit2.o)
    0x080001e8   0x00000000   Code   RO         7152    .ARM.Collect$$libinit$$00000030  c_w.l(libinit2.o)
    0x080001e8   0x00000000   Code   RO         7154    .ARM.Collect$$libinit$$00000032  c_w.l(libinit2.o)
    0x080001e8   0x00000002   Code   RO         7155    .ARM.Collect$$libinit$$00000033  c_w.l(libinit2.o)
    0x080001ea   0x00000002   Code   RO         7185    .ARM.Collect$$libshutdown$$00000000  c_w.l(libshutdown.o)
    0x080001ec   0x00000000   Code   RO         7196    .ARM.Collect$$libshutdown$$00000002  c_w.l(libshutdown2.o)
    0x080001ec   0x00000000   Code   RO         7198    .ARM.Collect$$libshutdown$$00000004  c_w.l(libshutdown2.o)
    0x080001ec   0x00000000   Code   RO         7201    .ARM.Collect$$libshutdown$$00000007  c_w.l(libshutdown2.o)
    0x080001ec   0x00000000   Code   RO         7204    .ARM.Collect$$libshutdown$$0000000A  c_w.l(libshutdown2.o)
    0x080001ec   0x00000000   Code   RO         7206    .ARM.Collect$$libshutdown$$0000000C  c_w.l(libshutdown2.o)
    0x080001ec   0x00000000   Code   RO         7209    .ARM.Collect$$libshutdown$$0000000F  c_w.l(libshutdown2.o)
    0x080001ec   0x00000002   Code   RO         7210    .ARM.Collect$$libshutdown$$00000010  c_w.l(libshutdown2.o)
    0x080001ee   0x00000000   Code   RO         7023    .ARM.Collect$$rtentry$$00000000  c_w.l(__rtentry.o)
    0x080001ee   0x00000000   Code   RO         7041    .ARM.Collect$$rtentry$$00000002  c_w.l(__rtentry2.o)
    0x080001ee   0x00000006   Code   RO         7053    .ARM.Collect$$rtentry$$00000004  c_w.l(__rtentry4.o)
    0x080001f4   0x00000000   Code   RO         7043    .ARM.Collect$$rtentry$$00000009  c_w.l(__rtentry2.o)
    0x080001f4   0x00000004   Code   RO         7044    .ARM.Collect$$rtentry$$0000000A  c_w.l(__rtentry2.o)
    0x080001f8   0x00000000   Code   RO         7046    .ARM.Collect$$rtentry$$0000000C  c_w.l(__rtentry2.o)
    0x080001f8   0x00000008   Code   RO         7047    .ARM.Collect$$rtentry$$0000000D  c_w.l(__rtentry2.o)
    0x08000200   0x00000002   Code   RO         7156    .ARM.Collect$$rtexit$$00000000  c_w.l(rtexit.o)
    0x08000202   0x00000000   Code   RO         7163    .ARM.Collect$$rtexit$$00000002  c_w.l(rtexit2.o)
    0x08000202   0x00000004   Code   RO         7164    .ARM.Collect$$rtexit$$00000003  c_w.l(rtexit2.o)
    0x08000206   0x00000006   Code   RO         7165    .ARM.Collect$$rtexit$$00000004  c_w.l(rtexit2.o)
    0x0800020c   0x00000040   Code   RO            4    .text               startup_n32g430.o
    0x0800024c   0x00000028   Code   RO         6967    .text               c_w.l(noretval__2sprintf.o)
    0x08000274   0x0000010e   Code   RO         6979    .text               c_w.l(__printf_wp.o)
    0x08000382   0x0000003e   Code   RO         6993    .text               c_w.l(strlen.o)
    0x080003c0   0x00000044   Code   RO         6995    .text               c_w.l(rt_memclr.o)
    0x08000404   0x0000004e   Code   RO         6997    .text               c_w.l(rt_memclr_w.o)
    0x08000452   0x00000002   PAD
    0x08000454   0x00000080   Code   RO         6999    .text               c_w.l(strcmpv7m.o)
    0x080004d4   0x00000006   Code   RO         7001    .text               c_w.l(heapauxi.o)
    0x080004da   0x0000041a   Code   RO         7024    .text               c_w.l(_printf_fp_dec.o)
    0x080008f4   0x00000030   Code   RO         7026    .text               c_w.l(_printf_char_common.o)
    0x08000924   0x0000000a   Code   RO         7028    .text               c_w.l(_sputc.o)
    0x0800092e   0x00000002   PAD
    0x08000930   0x00000008   Code   RO         7058    .text               c_w.l(rt_locale_intlibspace.o)
    0x08000938   0x0000008a   Code   RO         7060    .text               c_w.l(lludiv10.o)
    0x080009c2   0x00000002   PAD
    0x080009c4   0x00000080   Code   RO         7062    .text               c_w.l(_printf_fp_infnan.o)
    0x08000a44   0x000000dc   Code   RO         7066    .text               c_w.l(bigflt0.o)
    0x08000b20   0x00000008   Code   RO         7098    .text               c_w.l(libspace.o)
    0x08000b28   0x0000004a   Code   RO         7101    .text               c_w.l(sys_stackheap_outer.o)
    0x08000b72   0x00000012   Code   RO         7103    .text               c_w.l(exit.o)
    0x08000b84   0x0000000c   Code   RO         7175    .text               c_w.l(sys_exit.o)
    0x08000b90   0x00000002   Code   RO         7186    .text               c_w.l(use_no_semi.o)
    0x08000b92   0x00000000   Code   RO         7188    .text               c_w.l(indicate_semi.o)
    0x08000b92   0x0000003e   Code   RO         7069    CL$$btod_d2e        c_w.l(btod.o)
    0x08000bd0   0x00000046   Code   RO         7071    CL$$btod_d2e_denorm_low  c_w.l(btod.o)
    0x08000c16   0x00000060   Code   RO         7070    CL$$btod_d2e_norm_op1  c_w.l(btod.o)
    0x08000c76   0x00000338   Code   RO         7079    CL$$btod_div_common  c_w.l(btod.o)
    0x08000fae   0x000000c6   Code   RO         7076    CL$$btod_e2e        c_w.l(btod.o)
    0x08001074   0x00000028   Code   RO         7073    CL$$btod_ediv       c_w.l(btod.o)
    0x0800109c   0x00000028   Code   RO         7072    CL$$btod_emul       c_w.l(btod.o)
    0x080010c4   0x00000244   Code   RO         7078    CL$$btod_mult_common  c_w.l(btod.o)
    0x08001308   0x00000014   Code   RO          202    i.ADC_AHB_Clock_Mode_Config  n32g430_adc.o
    0x0800131c   0x00000024   Code   RO         5963    i.ADC_CLK_Init      adc.o
    0x08001340   0x00000048   Code   RO          212    i.ADC_Calibration_Operation  n32g430_adc.o
    0x08001388   0x0000008c   Code   RO          213    i.ADC_Channel_Sample_Time_Config  n32g430_adc.o
    0x08001414   0x00000028   Code   RO          214    i.ADC_Clock_Mode_Config  n32g430_adc.o
    0x0800143c   0x000000b0   Code   RO         5964    i.ADC_Configuration  adc.o
    0x080014ec   0x00000014   Code   RO          215    i.ADC_Continue_Conversion_Disable  n32g430_adc.o
    0x08001500   0x00000014   Code   RO          216    i.ADC_Continue_Conversion_Enable  n32g430_adc.o
    0x08001514   0x00000014   Code   RO          218    i.ADC_DMA_Transfer_Enable  n32g430_adc.o
    0x08001528   0x0000001c   Code   RO          219    i.ADC_Data_Alignment_Config  n32g430_adc.o
    0x08001544   0x00000010   Code   RO          229    i.ADC_Flag_Status_Clear  n32g430_adc.o
    0x08001554   0x0000002c   Code   RO          230    i.ADC_Flag_Status_Get  n32g430_adc.o
    0x08001580   0x00000034   Code   RO          233    i.ADC_Initializes   n32g430_adc.o
    0x080015b4   0x00000014   Code   RO          247    i.ADC_Multichannels_Disable  n32g430_adc.o
    0x080015c8   0x00000014   Code   RO          248    i.ADC_Multichannels_Enable  n32g430_adc.o
    0x080015dc   0x00000014   Code   RO          250    i.ADC_ON            n32g430_adc.o
    0x080015f0   0x00000014   Code   RO          251    i.ADC_PLL_Clock_Mode_Config  n32g430_adc.o
    0x08001604   0x0000001c   Code   RO          252    i.ADC_Regular_Channels_Number_Config  n32g430_adc.o
    0x08001620   0x00000048   Code   RO          253    i.ADC_Regular_Channels_Software_Conversion_Operation  n32g430_adc.o
    0x08001668   0x0000001c   Code   RO          255    i.ADC_Regular_Group_External_Trigger_Source_Config  n32g430_adc.o
    0x08001684   0x00000098   Code   RO          256    i.ADC_Regular_Sequence_Conversion_Number_Config  n32g430_adc.o
    0x0800171c   0x00000028   Code   RO          260    i.ADC_Temperature_Sensor_And_Vrefint_Channel_Enable  n32g430_adc.o
    0x08001744   0x00000004   Code   RO         5729    i.BusFault_Handler  n32g430_it.o
    0x08001748   0x00000060   Code   RO           13    i.DBG_SysTick_Config  bsp_delay.o
    0x080017a8   0x00000004   Code   RO         1458    i.DMA_Buffer_Size_Config  n32g430_dma.o
    0x080017ac   0x0000000a   Code   RO         1460    i.DMA_Channel_Enable  n32g430_dma.o
    0x080017b6   0x00000004   Code   RO         1461    i.DMA_Channel_Request_Remap  n32g430_dma.o
    0x080017ba   0x00000010   Code   RO         1462    i.DMA_Circular_Mode_Config  n32g430_dma.o
    0x080017ca   0x00000002   PAD
    0x080017cc   0x00000068   Code   RO         5965    i.DMA_Configuration  adc.o
    0x08001834   0x00000010   Code   RO         1465    i.DMA_Destination_Config  n32g430_dma.o
    0x08001844   0x00000060   Code   RO         1468    i.DMA_Initializes   n32g430_dma.o
    0x080018a4   0x00000010   Code   RO         1473    i.DMA_Memory_2_Memory_Config  n32g430_dma.o
    0x080018b4   0x00000010   Code   RO         1474    i.DMA_Memory_Addr_Increment_Config  n32g430_dma.o
    0x080018c4   0x00000004   Code   RO         1475    i.DMA_Memory_Address_Config  n32g430_dma.o
    0x080018c8   0x00000010   Code   RO         1476    i.DMA_Memory_Data_Width_Config  n32g430_dma.o
    0x080018d8   0x00000010   Code   RO         1477    i.DMA_Peripheral_Addr_Increment_Config  n32g430_dma.o
    0x080018e8   0x00000004   Code   RO         1478    i.DMA_Peripheral_Address_Config  n32g430_dma.o
    0x080018ec   0x00000010   Code   RO         1479    i.DMA_Peripheral_Data_Width_Config  n32g430_dma.o
    0x080018fc   0x00000010   Code   RO         1480    i.DMA_Priority_Config  n32g430_dma.o
    0x0800190c   0x0000001a   Code   RO         1482    i.DMA_Structure_Initializes  n32g430_dma.o
    0x08001926   0x00000002   Code   RO         5730    i.DebugMon_Handler  n32g430_it.o
    0x08001928   0x00000018   Code   RO         6509    i.DeleteMenu        menu.o
    0x08001940   0x000000e4   Code   RO         6908    i.EnableNewProtocol  decoy.o
    0x08001a24   0x00000010   Code   RO         1720    i.FLASH_Flag_Status_Clear  n32g430_flash.o
    0x08001a34   0x00000026   Code   RO         1728    i.FLASH_Last_Operation_Wait  n32g430_flash.o
    0x08001a5a   0x00000002   PAD
    0x08001a5c   0x00000018   Code   RO         1730    i.FLASH_Latency_Set  n32g430_flash.o
    0x08001a74   0x00000014   Code   RO         1731    i.FLASH_Lock        n32g430_flash.o
    0x08001a88   0x00000050   Code   RO         1733    i.FLASH_One_Page_Erase  n32g430_flash.o
    0x08001ad8   0x00000014   Code   RO         6327    i.FLASH_SIM_EraseEE  flash.o
    0x08001aec   0x00000034   Code   RO         1752    i.FLASH_Status_Get  n32g430_flash.o
    0x08001b20   0x00000018   Code   RO         1753    i.FLASH_Unlock      n32g430_flash.o
    0x08001b38   0x00000050   Code   RO         1754    i.FLASH_Word_Program  n32g430_flash.o
    0x08001b88   0x00000004   Code   RO         6079    i.FS2711_Debug      fs2711.o
    0x08001b8c   0x0000001a   Code   RO         6081    i.FS2711_Enable_Protocol  fs2711.o
    0x08001ba6   0x0000000c   Code   RO         6082    i.FS2711_Enable_Voltage_Current  fs2711.o
    0x08001bb2   0x00000002   PAD
    0x08001bb4   0x00000040   Code   RO         6234    i.FS2711_GPIO_Init  i2c.o
    0x08001bf4   0x00000028   Code   RO         6084    i.FS2711_Get_PPS_Num  fs2711.o
    0x08001c1c   0x0000022c   Code   RO         6085    i.FS2711_Get_State  fs2711.o
    0x08001e48   0x00000014   Code   RO         6087    i.FS2711_Port_Disconnect  fs2711.o
    0x08001e5c   0x0000002a   Code   RO         6088    i.FS2711_Port_Reset  fs2711.o
    0x08001e86   0x00000012   Code   RO         6089    i.FS2711_Read       fs2711.o
    0x08001e98   0x00000040   Code   RO         6090    i.FS2711_SCP_Calc   fs2711.o
    0x08001ed8   0x00000048   Code   RO         6092    i.FS2711_Select_Protocol  fs2711.o
    0x08001f20   0x000003a4   Code   RO         6093    i.FS2711_Select_Voltage_Current  fs2711.o
    0x080022c4   0x0000000c   Code   RO         6095    i.FS2711_System_Reset  fs2711.o
    0x080022d0   0x00000010   Code   RO         6097    i.FS2711_Write      fs2711.o
    0x080022e0   0x00000060   Code   RO         6328    i.Flash_Read        flash.o
    0x08002340   0x00000078   Code   RO         6329    i.Flash_Write       flash.o
    0x080023b8   0x00000040   Code   RO         2008    i.GPIO_Alternate_Set  n32g430_gpio.o
    0x080023f8   0x00000024   Code   RO         5966    i.GPIO_Configuration  adc.o
    0x0800241c   0x0000001c   Code   RO         2009    i.GPIO_Driver_Set   n32g430_gpio.o
    0x08002438   0x00000010   Code   RO         2012    i.GPIO_Input_Pin_Data_Get  n32g430_gpio.o
    0x08002448   0x00000044   Code   RO         2013    i.GPIO_Mode_Set     n32g430_gpio.o
    0x0800248c   0x00000056   Code   RO         2018    i.GPIO_Peripheral_Initialize  n32g430_gpio.o
    0x080024e2   0x00000004   Code   RO         2022    i.GPIO_Pins_Reset   n32g430_gpio.o
    0x080024e6   0x00000004   Code   RO         2023    i.GPIO_Pins_Set     n32g430_gpio.o
    0x080024ea   0x0000001c   Code   RO         2024    i.GPIO_Pull_Set     n32g430_gpio.o
    0x08002506   0x00000018   Code   RO         2026    i.GPIO_SlewRate_Set  n32g430_gpio.o
    0x0800251e   0x00000018   Code   RO         2027    i.GPIO_Structure_Initialize  n32g430_gpio.o
    0x08002536   0x00000002   PAD
    0x08002538   0x000001b4   Code   RO         5967    i.Get_Average_ADC_Converted_Value  adc.o
    0x080026ec   0x00000004   Code   RO         5731    i.HardFault_Handler  n32g430_it.o
    0x080026f0   0x00000058   Code   RO         6235    i.I2C_ReStart       i2c.o
    0x08002748   0x00000048   Code   RO         6236    i.I2C_Start         i2c.o
    0x08002790   0x00000038   Code   RO         6237    i.I2C_Stop          i2c.o
    0x080027c8   0x00000028   Code   RO         6238    i.I2C_Wait_Ack      i2c.o
    0x080027f0   0x00000048   Code   RO         6442    i.InitKeyIo         keyio.o
    0x08002838   0x0000003c   Code   RO         6909    i.Init_FS2711       decoy.o
    0x08002874   0x00000020   Code   RO         6443    i.IoKey_Init        keyio.o
    0x08002894   0x00000014   Code   RO         6444    i.IoKey_Read        keyio.o
    0x080028a8   0x00000050   Code   RO         6445    i.IoKey_Scan        keyio.o
    0x080028f8   0x0000007c   Code   RO         6368    i.KEY_GetClickCnt   key.o
    0x08002974   0x00000018   Code   RO         6370    i.KEY_GetPressTime  key.o
    0x0800298c   0x00000060   Code   RO         6371    i.KEY_Init          key.o
    0x080029ec   0x00000014   Code   RO         6372    i.KEY_Register      key.o
    0x08002a00   0x000001cc   Code   RO         6373    i.KEY_Scan          key.o
    0x08002bcc   0x00000014   Code   RO         6374    i.KEY_SetNotifyTime  key.o
    0x08002be0   0x00000010   Code   RO         6762    i.Key_Register_PD   ui_adjust.o
    0x08002bf0   0x00000010   Code   RO         6763    i.Key_Register_QC   ui_adjust.o
    0x08002c00   0x00000028   Code   RO         6645    i.Key_Start_Task    ui.o
    0x08002c28   0x00000046   Code   RO         5900    i.LCD_Address_Set   lcd_init.o
    0x08002c6e   0x0000001c   Code   RO         5800    i.LCD_DrawPoint     lcd.o
    0x08002c8a   0x0000004a   Code   RO         5802    i.LCD_Fill          lcd.o
    0x08002cd4   0x0000003c   Code   RO         5901    i.LCD_GPIO_Init     lcd_init.o
    0x08002d10   0x0000025c   Code   RO         5902    i.LCD_Init          lcd_init.o
    0x08002f6c   0x00000030   Code   RO         5803    i.LCD_Roll          lcd.o
    0x08002f9c   0x00000158   Code   RO         5804    i.LCD_ShowChar      lcd.o
    0x080030f4   0x00000066   Code   RO         5807    i.LCD_ShowPicture   lcd.o
    0x0800315a   0x00000042   Code   RO         5808    i.LCD_ShowString    lcd.o
    0x0800319c   0x0000000c   Code   RO         5903    i.LCD_WR_DATA       lcd_init.o
    0x080031a8   0x0000000c   Code   RO         5904    i.LCD_WR_DATA8      lcd_init.o
    0x080031b4   0x00000024   Code   RO         5905    i.LCD_WR_REG        lcd_init.o
    0x080031d8   0x0000000c   Code   RO         5906    i.LCD_Writ_Bus      lcd_init.o
    0x080031e4   0x00000004   Code   RO         5732    i.MemManage_Handler  n32g430_it.o
    0x080031e8   0x00000038   Code   RO         6510    i.Menu_Bind         menu.o
    0x08003220   0x00000094   Code   RO         6513    i.Menu_Enter        menu.o
    0x080032b4   0x0000009c   Code   RO         6514    i.Menu_Exit         menu.o
    0x08003350   0x00000068   Code   RO         6515    i.Menu_Init         menu.o
    0x080033b8   0x00000040   Code   RO         6518    i.Menu_LimitShowListNum  menu.o
    0x080033f8   0x0000003c   Code   RO         6520    i.Menu_Reset        menu.o
    0x08003434   0x00000010   Code   RO         6521    i.Menu_ResetItemsNum  menu.o
    0x08003444   0x00000058   Code   RO         6522    i.Menu_SelectNext   menu.o
    0x0800349c   0x00000050   Code   RO         6523    i.Menu_SelectPrevious  menu.o
    0x080034ec   0x00000070   Code   RO         6524    i.Menu_SetItemBeginLocation  menu.o
    0x0800355c   0x0000000c   Code   RO         6525    i.Menu_SetShowBaseItem  menu.o
    0x08003568   0x00000060   Code   RO         6526    i.Menu_ShortcutEnter  menu.o
    0x080035c8   0x000000f0   Code   RO         6527    i.Menu_Task         menu.o
    0x080036b8   0x00000002   Code   RO         5733    i.NMI_Handler       n32g430_it.o
    0x080036ba   0x00000002   PAD
    0x080036bc   0x00000070   Code   RO          144    i.NVIC_Initializes  misc.o
    0x0800372c   0x00000028   Code   RO         6528    i.NewMenu           menu.o
    0x08003754   0x00000110   Code   RO         6646    i.OnKeyActionProess  ui.o
    0x08003864   0x00000028   Code   RO         6647    i.OnKeyActionProessDown  ui.o
    0x0800388c   0x00000028   Code   RO         6648    i.OnKeyActionProessUp  ui.o
    0x080038b4   0x000000d4   Code   RO         6764    i.OnKeyOkPDProess   ui_adjust.o
    0x08003988   0x000000d4   Code   RO         6765    i.OnKeyOkQCProess   ui_adjust.o
    0x08003a5c   0x000000dc   Code   RO         6766    i.OnPDFunction      ui_adjust.o
    0x08003b38   0x0000003c   Code   RO         6767    i.OnPDFunctionExit  ui_adjust.o
    0x08003b74   0x00000084   Code   RO         6768    i.OnPDFunctionLoad  ui_adjust.o
    0x08003bf8   0x000000dc   Code   RO         6769    i.OnQCFunction      ui_adjust.o
    0x08003cd4   0x00000034   Code   RO         6770    i.OnQCFunctionExit  ui_adjust.o
    0x08003d08   0x000000f0   Code   RO         6771    i.OnQCFunctionLoad  ui_adjust.o
    0x08003df8   0x00000110   Code   RO         6772    i.PD_Ok             ui_adjust.o
    0x08003f08   0x0000002c   Code   RO         6239    i.PinInInitSDA      i2c.o
    0x08003f34   0x0000002c   Code   RO         6240    i.PinOutInitSDA     i2c.o
    0x08003f60   0x000000ac   Code   RO         6773    i.QC_Ok             ui_adjust.o
    0x0800400c   0x0000001c   Code   RO         3111    i.RCC_ADC_1M_Clock_Config  n32g430_rcc.o
    0x08004028   0x00000018   Code   RO         3112    i.RCC_ADC_Hclk_Config  n32g430_rcc.o
    0x08004040   0x00000018   Code   RO         3114    i.RCC_ADC_Hclk_Enable  n32g430_rcc.o
    0x08004058   0x00000014   Code   RO         3115    i.RCC_ADC_PLL_Clock_Disable  n32g430_rcc.o
    0x0800406c   0x00000018   Code   RO         3116    i.RCC_ADC_PLL_Clock_Prescaler_Enable  n32g430_rcc.o
    0x08004084   0x00000010   Code   RO         3118    i.RCC_AHB_Peripheral_Clock_Enable  n32g430_rcc.o
    0x08004094   0x00000010   Code   RO         3121    i.RCC_APB1_Peripheral_Clock_Enable  n32g430_rcc.o
    0x080040a4   0x00000010   Code   RO         3124    i.RCC_APB2_Peripheral_Clock_Enable  n32g430_rcc.o
    0x080040b4   0x00000018   Code   RO         3125    i.RCC_APB2_Peripheral_Reset  n32g430_rcc.o
    0x080040cc   0x00000118   Code   RO         3129    i.RCC_Clocks_Frequencies_Value_Get  n32g430_rcc.o
    0x080041e4   0x00000040   Code   RO         3130    i.RCC_Flag_Status_Get  n32g430_rcc.o
    0x08004224   0x0000000c   Code   RO         3135    i.RCC_HSI_Enable    n32g430_rcc.o
    0x08004230   0x00000054   Code   RO         3136    i.RCC_HSI_Stable_Wait  n32g430_rcc.o
    0x08004284   0x00000018   Code   RO         3137    i.RCC_Hclk_Config   n32g430_rcc.o
    0x0800429c   0x00000038   Code   RO         3157    i.RCC_PLL_Config    n32g430_rcc.o
    0x080042d4   0x0000000c   Code   RO         3159    i.RCC_PLL_Enable    n32g430_rcc.o
    0x080042e0   0x00000018   Code   RO         3160    i.RCC_Pclk1_Config  n32g430_rcc.o
    0x080042f8   0x00000018   Code   RO         3161    i.RCC_Pclk2_Config  n32g430_rcc.o
    0x08004310   0x00000060   Code   RO         3165    i.RCC_Reset         n32g430_rcc.o
    0x08004370   0x00000018   Code   RO         3167    i.RCC_Sysclk_Config  n32g430_rcc.o
    0x08004388   0x00000010   Code   RO         3168    i.RCC_Sysclk_Source_Get  n32g430_rcc.o
    0x08004398   0x00000060   Code   RO         6241    i.Read_I2C_Byte     i2c.o
    0x080043f8   0x00000038   Code   RO         6242    i.Read_IIC          i2c.o
    0x08004430   0x00000010   Code   RO         3930    i.SPI_BaudRatePres_Config  n32g430_spi.o
    0x08004440   0x00000010   Code   RO         3931    i.SPI_CLKPHA_Config  n32g430_spi.o
    0x08004450   0x00000010   Code   RO         3932    i.SPI_CLKPOL_Config  n32g430_spi.o
    0x08004460   0x00000004   Code   RO         3937    i.SPI_CRC_Polynomial_Set  n32g430_spi.o
    0x08004464   0x00000010   Code   RO         3938    i.SPI_DataDirection_Config  n32g430_spi.o
    0x08004474   0x00000010   Code   RO         3939    i.SPI_DataLen_Config  n32g430_spi.o
    0x08004484   0x00000010   Code   RO         3940    i.SPI_FirstBit_Config  n32g430_spi.o
    0x08004494   0x0000002c   Code   RO         6029    i.SPI_GPIO_Init     spi.o
    0x080044c0   0x00000004   Code   RO         3945    i.SPI_I2S_Data_Transmit  n32g430_spi.o
    0x080044c4   0x00000012   Code   RO         3946    i.SPI_I2S_Flag_Status_Get  n32g430_spi.o
    0x080044d6   0x00000002   PAD
    0x080044d8   0x0000002c   Code   RO         3951    i.SPI_I2S_Reset     n32g430_spi.o
    0x08004504   0x00000050   Code   RO         3952    i.SPI_Initializes   n32g430_spi.o
    0x08004554   0x00000018   Code   RO         3953    i.SPI_Initializes_Structure  n32g430_spi.o
    0x0800456c   0x00000010   Code   RO         3954    i.SPI_NSS_Config    n32g430_spi.o
    0x0800457c   0x0000000a   Code   RO         3957    i.SPI_ON            n32g430_spi.o
    0x08004586   0x00000012   Code   RO         6030    i.SPI_Send_Data16   spi.o
    0x08004598   0x00000044   Code   RO         6031    i.SPI_Send_Data8    spi.o
    0x080045dc   0x0000001a   Code   RO         3960    i.SPI_Set_Nss_Level  n32g430_spi.o
    0x080045f6   0x00000010   Code   RO         3961    i.SPI_SpiMode_Config  n32g430_spi.o
    0x08004606   0x00000002   PAD
    0x08004608   0x0000005c   Code   RO         6032    i.SPI_TFT_Init      spi.o
    0x08004664   0x00000002   Code   RO         5734    i.SVC_Handler       n32g430_it.o
    0x08004666   0x00000002   PAD
    0x08004668   0x00000010   Code   RO         6774    i.Set_PD_Protocol   ui_adjust.o
    0x08004678   0x00000010   Code   RO         6775    i.Set_QC_Protocol   ui_adjust.o
    0x08004688   0x00000068   Code   RO         6485    i.Set_SysClock_To_PLL128MHz  sysclk.o
    0x080046f0   0x00000090   Code   RO         6776    i.ShowAdjMainMenu   ui_adjust.o
    0x08004780   0x0000007c   Code   RO         6649    i.ShowMainMenu      ui.o
    0x080047fc   0x00000798   Code   RO         6777    i.ShowPdMainMenu    ui_adjust.o
    0x08004f94   0x00000218   Code   RO         6778    i.ShowQCMainMenu    ui_adjust.o
    0x080051ac   0x0000002a   Code   RO         5968    i.Start_ADC_Convert_Once  adc.o
    0x080051d6   0x0000004a   Code   RO           14    i.SysTick_Delay_Ms  bsp_delay.o
    0x08005220   0x0000004c   Code   RO           15    i.SysTick_Delay_Us  bsp_delay.o
    0x0800526c   0x00000002   Code   RO         5735    i.SysTick_Handler   n32g430_it.o
    0x0800526e   0x00000002   PAD
    0x08005270   0x00000118   Code   RO         5588    i.System_Clock_Set  system_n32g430.o
    0x08005388   0x000000ac   Code   RO         5589    i.System_Initializes  system_n32g430.o
    0x08005434   0x00000050   Code   RO         5651    i.TIM6_IRQHandler   main.o
    0x08005484   0x00000004   Code   RO         4204    i.TIM_Base_Auto_Reload_Set  n32g430_tim.o
    0x08005488   0x00000016   Code   RO         4206    i.TIM_Base_Channel1  n32g430_tim.o
    0x0800549e   0x00000016   Code   RO         4207    i.TIM_Base_Channel2  n32g430_tim.o
    0x080054b4   0x00000016   Code   RO         4208    i.TIM_Base_Channel3  n32g430_tim.o
    0x080054ca   0x00000016   Code   RO         4209    i.TIM_Base_Channel4  n32g430_tim.o
    0x080054e0   0x00000010   Code   RO         4211    i.TIM_Base_Count_Mode_Set  n32g430_tim.o
    0x080054f0   0x000000b0   Code   RO         4213    i.TIM_Base_Initialize  n32g430_tim.o
    0x080055a0   0x00000016   Code   RO         4214    i.TIM_Base_OCrefClear  n32g430_tim.o
    0x080055b6   0x00000004   Code   RO         4216    i.TIM_Base_Prescaler_Set  n32g430_tim.o
    0x080055ba   0x00000004   Code   RO         4217    i.TIM_Base_Reload_Mode_Set  n32g430_tim.o
    0x080055be   0x00000004   Code   RO         4218    i.TIM_Base_Repeat_Count_Set  n32g430_tim.o
    0x080055c2   0x0000001e   Code   RO         4219    i.TIM_Base_Struct_Initialize  n32g430_tim.o
    0x080055e0   0x00000010   Code   RO         4244    i.TIM_Clock_Division_Set  n32g430_tim.o
    0x080055f0   0x00000008   Code   RO         4303    i.TIM_Interrupt_Enable  n32g430_tim.o
    0x080055f8   0x00000006   Code   RO         4304    i.TIM_Interrupt_Status_Clear  n32g430_tim.o
    0x080055fe   0x00000020   Code   RO         4305    i.TIM_Interrupt_Status_Get  n32g430_tim.o
    0x0800561e   0x0000000a   Code   RO         4318    i.TIM_On            n32g430_tim.o
    0x08005628   0x0000006c   Code   RO         5969    i.TempCal           adc.o
    0x08005694   0x00000068   Code   RO         5652    i.Tim6_Init         main.o
    0x080056fc   0x00000016   Code   RO         6779    i.UI_Adjust_Exit    ui_adjust.o
    0x08005712   0x00000002   PAD
    0x08005714   0x00000024   Code   RO         6780    i.UI_Adjust_Load    ui_adjust.o
    0x08005738   0x00000002   Code   RO         6781    i.UI_Adjust_Task    ui_adjust.o
    0x0800573a   0x00000002   PAD
    0x0800573c   0x0000003c   Code   RO         6650    i.UI_Main_Load      ui.o
    0x08005778   0x00000002   Code   RO         6651    i.UI_Main_Task      ui.o
    0x0800577a   0x00000002   PAD
    0x0800577c   0x0000001c   Code   RO         6723    i.UI_Measure_Exit   ui_measure.o
    0x08005798   0x00000028   Code   RO         6724    i.UI_Measure_Load   ui_measure.o
    0x080057c0   0x00000254   Code   RO         6725    i.UI_Measure_Task   ui_measure.o
    0x08005a14   0x00000004   Code   RO         5736    i.UsageFault_Handler  n32g430_it.o
    0x08005a18   0x0000006c   Code   RO         6243    i.Write_I2C_Byte    i2c.o
    0x08005a84   0x0000002e   Code   RO         6244    i.Write_IIC         i2c.o
    0x08005ab2   0x00000030   Code   RO         7096    i.__ARM_fpclassify  m_wm.l(fpclassify.o)
    0x08005ae2   0x0000000e   Code   RO         6981    i._is_digit         c_w.l(__printf_wp.o)
    0x08005af0   0x0000000c   Code   RO         6245    i.delay             i2c.o
    0x08005afc   0x00000068   Code   RO         5653    i.main              main.o
    0x08005b64   0x0000004c   Code   RO         6911    i.mcuRestart        decoy.o
    0x08005bb0   0x0000002c   Code   RO         7092    locale$$code        c_w.l(lc_numeric_c.o)
    0x08005bdc   0x00000062   Code   RO         7005    x$fpl$d2f           fz_wm.l(d2f.o)
    0x08005c3e   0x00000002   PAD
    0x08005c40   0x000002b0   Code   RO         7008    x$fpl$ddiv          fz_wm.l(ddiv.o)
    0x08005ef0   0x00000026   Code   RO         7011    x$fpl$dfltu         fz_wm.l(dflt_clz.o)
    0x08005f16   0x00000002   PAD
    0x08005f18   0x00000154   Code   RO         7017    x$fpl$dmul          fz_wm.l(dmul.o)
    0x0800606c   0x0000009c   Code   RO         7031    x$fpl$dnaninf       fz_wm.l(dnaninf.o)
    0x08006108   0x0000000c   Code   RO         7033    x$fpl$dretinf       fz_wm.l(dretinf.o)
    0x08006114   0x00000056   Code   RO         7019    x$fpl$f2d           fz_wm.l(f2d.o)
    0x0800616a   0x0000008c   Code   RO         7035    x$fpl$fnaninf       fz_wm.l(fnaninf.o)
    0x080061f6   0x0000000a   Code   RO         7160    x$fpl$fpinit        fz_wm.l(fpinit.o)
    0x08006200   0x0000000a   Code   RO         7037    x$fpl$fretinf       fz_wm.l(fretinf.o)
    0x0800620a   0x00000004   Code   RO         7021    x$fpl$printf1       fz_wm.l(printf1.o)
    0x0800620e   0x00000000   Code   RO         7039    x$fpl$usenofp       fz_wm.l(usenofp.o)
    0x0800620e   0x00000040   Data   RO         3170    .constdata          n32g430_rcc.o
    0x0800624e   0x000033f4   Data   RO         5810    .constdata          lcd.o
    0x08009642   0x00001900   Data   RO         6652    .constdata          ui.o
    0x0800af42   0x00000008   Data   RO         6783    .constdata          ui_adjust.o
    0x0800af4a   0x00000002   PAD
    0x0800af4c   0x00000094   Data   RO         7067    .constdata          c_w.l(bigflt0.o)
    0x0800afe0   0x0000001d   Data   RO         6653    .conststring        ui.o
    0x0800affd   0x00000003   PAD
    0x0800b000   0x00000056   Data   RO         6784    .conststring        ui_adjust.o
    0x0800b056   0x00000002   PAD
    0x0800b058   0x00000020   Data   RO         7235    Region$$Table       anon$$obj.o
    0x0800b078   0x0000001c   Data   RO         7091    locale$$data        c_w.l(lc_numeric_c.o)


    Execution Region RW_IRAM1 (Base: 0x20000000, Size: 0x00001cd8, Max: 0x00004000, ABSOLUTE, COMPRESSED[0x000000b8])

    Base Addr    Size         Type   Attr      Idx    E Section Name        Object

    0x20000000   0x00000004   Data   RW         5591    .data               system_n32g430.o
    0x20000004   0x00000005   Data   RW         5654    .data               main.o
    0x20000009   0x00000003   Data   RW         6446    .data               keyio.o
    0x2000000c   0x00000010   Data   RW         6530    .data               menu.o
    0x2000001c   0x00000035   Data   RW         6654    .data               ui.o
    0x20000051   0x00000002   Data   RW         6726    .data               ui_measure.o
    0x20000053   0x00000001   PAD
    0x20000054   0x0000019e   Data   RW         6785    .data               ui_adjust.o
    0x200001f2   0x00000002   PAD
    0x200001f4   0x00000020   Zero   RW         5970    .bss                adc.o
    0x20000214   0x00000012   Zero   RW         6033    .bss                spi.o
    0x20000226   0x00000002   PAD
    0x20000228   0x00000060   Zero   RW         6099    .bss                fs2711.o
    0x20000288   0x0000000e   Zero   RW         6330    .bss                flash.o
    0x20000296   0x00000002   PAD
    0x20000298   0x00000030   Zero   RW         6376    .bss                key.o
    0x200002c8   0x00000140   Zero   RW         6529    .bss                menu.o
    0x20000408   0x00000070   Zero   RW         6782    .bss                ui_adjust.o
    0x20000478   0x00000060   Zero   RW         7099    .bss                c_w.l(libspace.o)
    0x200004d8   0x00000300   Zero   RW            2    HEAP                startup_n32g430.o
    0x200007d8   0x00001500   Zero   RW            1    STACK               startup_n32g430.o


==============================================================================

Image component sizes


      Code (inc. data)   RO Data    RW Data    ZI Data      Debug   Object Name

       938         64          0          0         32       4953   adc.o
       246         14          0          0          0     344345   bsp_delay.o
       364         22          0          0          0      37038   decoy.o
       236         20          0          0         14       2244   flash.o
      1814        190          0          0         96       9544   fs2711.o
       726         52          0          0          0       6274   i2c.o
       744         32          0          0         48       4938   key.o
       204         32          0          3          0       2383   keyio.o
       662         16      13300          0          0       5534   lcd.o
       806         14          0          0          0       4086   lcd_init.o
       288         40          0          5          0       3243   main.o
      1296         78          0         16        320      11787   menu.o
       112         12          0          0          0       1071   misc.o
       872        104          0          0          0      12343   n32g430_adc.o
       276          0          0          0          0       9323   n32g430_dma.o
       334         40          0          0          0       4837   n32g430_flash.o
       346          0          0          0          0       6988   n32g430_gpio.o
        24          0          0          0          0       3357   n32g430_it.o
       908        154         64          0          0      13345   n32g430_rcc.o
       338         10          0          0          0       9796   n32g430_spi.o
       420         20          0          0          0      10815   n32g430_tim.o
       222         26          0          0         18       2266   spi.o
        64         26        276          0       6144        876   startup_n32g430.o
       104          8          0          0          0        580   sysclk.o
       452         54          0          4          0       2082   system_n32g430.o
       578         90       6429         53          0       5329   ui.o
      4540        384         94        414        112      13221   ui_adjust.o
       664        136          0          2          0       1920   ui_measure.o

    ----------------------------------------------------------------------
     18602       1638      20202        500       6788     534518   Object Totals
         0          0         32          0          0          0   (incl. Generated)
        24          0          7          3          4          0   (incl. Padding)

    ----------------------------------------------------------------------

      Code (inc. data)   RO Data    RW Data    ZI Data      Debug   Library Member Name

        90          0          0          0          0          0   __dczerorl2.o
         8          0          0          0          0         68   __main.o
       284          0          0          0          0        156   __printf_wp.o
         0          0          0          0          0          0   __rtentry.o
        12          0          0          0          0          0   __rtentry2.o
         6          0          0          0          0          0   __rtentry4.o
        52          8          0          0          0          0   __scatter.o
        28          0          0          0          0          0   __scatter_zi.o
        48          6          0          0          0         96   _printf_char_common.o
         6          0          0          0          0          0   _printf_f.o
      1050          0          0          0          0        216   _printf_fp_dec.o
       128         16          0          0          0         84   _printf_fp_infnan.o
         0          0          0          0          0          0   _printf_percent.o
         4          0          0          0          0          0   _printf_percent_end.o
        10          0          0          0          0         68   _sputc.o
       220          4        148          0          0         96   bigflt0.o
      1910        128          0          0          0        672   btod.o
        18          0          0          0          0         80   exit.o
         6          0          0          0          0        152   heapauxi.o
         0          0          0          0          0          0   indicate_semi.o
        44         10         28          0          0         76   lc_numeric_c.o
         2          0          0          0          0          0   libinit.o
        22          0          0          0          0          0   libinit2.o
         2          0          0          0          0          0   libshutdown.o
         2          0          0          0          0          0   libshutdown2.o
         8          4          0          0         96         68   libspace.o
       138          0          0          0          0         80   lludiv10.o
        40          6          0          0          0         84   noretval__2sprintf.o
         8          4          0          0          0         68   rt_locale_intlibspace.o
        68          0          0          0          0         68   rt_memclr.o
        78          0          0          0          0         80   rt_memclr_w.o
         2          0          0          0          0          0   rtexit.o
        10          0          0          0          0          0   rtexit2.o
       128          0          0          0          0         68   strcmpv7m.o
        62          0          0          0          0         76   strlen.o
        12          4          0          0          0         68   sys_exit.o
        74          0          0          0          0         80   sys_stackheap_outer.o
         2          0          0          0          0         68   use_no_semi.o
        98          4          0          0          0        140   d2f.o
       688        140          0          0          0        256   ddiv.o
        38          0          0          0          0        116   dflt_clz.o
       340         12          0          0          0        152   dmul.o
       156          4          0          0          0        140   dnaninf.o
        12          0          0          0          0        116   dretinf.o
        86          4          0          0          0        132   f2d.o
       140          4          0          0          0        132   fnaninf.o
        10          0          0          0          0        116   fpinit.o
        10          0          0          0          0        116   fretinf.o
         4          0          0          0          0        116   printf1.o
         0          0          0          0          0          0   usenofp.o
        48          0          0          0          0        124   fpclassify.o

    ----------------------------------------------------------------------
      6224        358        176          0         96       4228   Library Totals
        12          0          0          0          0          0   (incl. Padding)

    ----------------------------------------------------------------------

      Code (inc. data)   RO Data    RW Data    ZI Data      Debug   Library Name

      4582        190        176          0         96       2572   c_w.l
      1582        168          0          0          0       1532   fz_wm.l
        48          0          0          0          0        124   m_wm.l

    ----------------------------------------------------------------------
      6224        358        176          0         96       4228   Library Totals

    ----------------------------------------------------------------------

==============================================================================


      Code (inc. data)   RO Data    RW Data    ZI Data      Debug   

     24826       1996      20378        500       6884     513342   Grand Totals
     24826       1996      20378        184       6884     513342   ELF Image Totals (compressed)
     24826       1996      20378        184          0          0   ROM Totals

==============================================================================

    Total RO  Size (Code + RO Data)                45204 (  44.14kB)
    Total RW  Size (RW Data + ZI Data)              7384 (   7.21kB)
    Total ROM Size (Code + RO Data + RW Data)      45388 (  44.32kB)

==============================================================================

